******************************************************************************
                  TI ARM Linker PC v5.2.2                      
******************************************************************************
>> Linked Thu Nov 05 14:35:29 2015

OUTPUT FILE NAME:   <p2p.out>
ENTRY POINT SYMBOL: "_c_int00"  address: 2000b6f1


MEMORY CONFIGURATION

         name            origin    length      used     unused   attr    fill
----------------------  --------  ---------  --------  --------  ----  --------
  SRAM_CODE             20004000   00013000  00008886  0000a77a  RW X
  SRAM_DATA             20017000   00019000  00001925  000176db  RW X


SEGMENT ALLOCATION MAP

run origin  load origin   length   init length attrs members
----------  ----------- ---------- ----------- ----- -------
20004000    20004000    00008888   00008888    r-x
  20004000    20004000    00000400   00000400    r-- .intvecs
  20004400    20004400    00007cd6   00007cd6    r-x .text
  2000c0d8    2000c0d8    00000728   00000728    r-- .const
  2000c800    2000c800    00000088   00000088    r-- .cinit
20017000    20017000    00001128   00000000    rw-
  20017000    20017000    00000800   00000000    rw- .sysmem
  20017800    20017800    00000785   00000000    rw- .bss
  20017f88    20017f88    000001a0   00000000    rw- .data
2002f800    2002f800    00000800   00000000    rw-
  2002f800    2002f800    00000800   00000000    rw- .stack


SECTION ALLOCATION MAP

 output                                  attributes/
section   page    origin      length       input sections
--------  ----  ----------  ----------   ----------------
.intvecs   0    20004000    00000400     
                  20004000    00000400     startup_ccs.obj (.intvecs)

.init_array 
*          0    20004000    00000000     UNINITIALIZED

.text      0    20004400    00007cd6     
                  20004400    000010a6     rtsv7M4_T_le_eabi.lib : _printfi.obj (.text)
                  200054a6    00000002     driverlib.a : interrupt.obj (.text:IntDefaultHandler)
                  200054a8    00001034     main.obj (.text)
                  200064dc    000005ec     simplelink.a : driver.obj (.text:_SlDrvMsgRead)
                  20006ac8    000003dc     rtsv7M4_T_le_eabi.lib : memory.obj (.text)
                  20006ea4    0000039c     gpio_if.obj (.text)
                  20007240    00000280     uart_if.obj (.text)
                  200074c0    00000248     simplelink.a : driver.obj (.text:_SlDrvRxHdrRead)
                  20007708    00000244                  : wlan.obj (.text:sl_WlanConnect)
                  2000794c    000001f4     rtsv7M4_T_le_eabi.lib : ull_div_t2.obj (.text)
                  20007b40    000001d0     simplelink.a : driver.obj (.text:_SlDrvReleasePoolObj)
                  20007d10    000001cc                  : driver.obj (.text:_SlDrvMsgWrite)
                  20007edc    000001b6     rtsv7M4_T_le_eabi.lib : fd_add_t2.obj (.text)
                  20008092    00000002     --HOLE-- [fill = 0]
                  20008094    00000190     simplelink.a : driver.obj (.text:_SlDrvWaitForPoolObj)
                  20008224    00000188                  : driver.obj (.text:_SlDrvDriverCBInit)
                  200083ac    00000170                  : driver.obj (.text:_SlFindAndSetActiveObj)
                  2000851c    00000144                  : cc_pal.obj (.text:spi_Open)
                  20008660    00000138                  : socket.obj (.text:sl_Accept)
                  20008798    00000136     rtsv7M4_T_le_eabi.lib : fd_div_t2.obj (.text)
                  200088ce    00000002     --HOLE-- [fill = 0]
                  200088d0    00000134     driverlib.a : prcm.obj (.text:PRCMCC3200MCUInit)
                  20008a04    0000012c     simplelink.a : driver.obj (.text:_SlDrvDataReadOp)
                  20008b30    00000110     rtsv7M4_T_le_eabi.lib : xdscale.obj (.text)
                  20008c40    00000100     simplelink.a : driver.obj (.text:_SlDrvDriverCBDeinit)
                  20008d40    000000fe                  : netapp.obj (.text:_SlDrvNetAppEventHandler)
                  20008e3e    000000fc     rtsv7M4_T_le_eabi.lib : fd_mul_t2.obj (.text)
                  20008f3a    00000002     --HOLE-- [fill = 0]
                  20008f3c    000000f0     simplelink.a : cc_pal.obj (.text:spi_Read)
                  2000902c    000000f0     driverlib.a : udma.obj (.text:uDMAChannelTransferSet)
                  2000911c    000000d8     simplelink.a : driver.obj (.text:_SlDrvClassifyRxMsg)
                  200091f4    000000d4                  : device.obj (.text:sl_Stop)
                  200092c8    000000c8                  : netapp.obj (.text:_sl_HandleAsync_DnsGetHostByService)
                  20009390    000000c0                  : driver.obj (.text:_SlDrvMsgReadCmdCtx)
                  20009450    000000c0                  : driver.obj (.text:_SlRemoveFromList)
                  20009510    000000be     rtsv7M4_T_le_eabi.lib : xdnorm.obj (.text)
                  200095ce    00000002     --HOLE-- [fill = 0]
                  200095d0    000000bc     simplelink.a : device.obj (.text:sl_Start)
                  2000968c    000000b8                  : driver.obj (.text:_SlAsyncEventGenericHandler)
                  20009744    000000b4                  : netapp.obj (.text:sl_NetAppMDNSRegisterUnregisterService)
                  200097f8    000000a8     driverlib.a : interrupt.obj (.text:IntDisable)
                  200098a0    000000a8                 : interrupt.obj (.text:IntEnable)
                  20009948    000000a8     simplelink.a : netcfg.obj (.text:sl_NetCfgGet)
                  200099f0    000000a0     driverlib.a : spi.obj (.text:SPIConfigSetExpClk)
                  20009a90    0000009c     simplelink.a : driver.obj (.text:_SlDrvMsgReadSpawnCtx)
                  20009b2c    0000009c     rtsv7M4_T_le_eabi.lib : memcpy_t2.obj (.text)
                  20009bc8    0000009c     simplelink.a : device.obj (.text:sl_DevGet)
                  20009c64    00000098                  : cc_pal.obj (.text:spi_Write)
                  20009cfc    00000094     driverlib.a : prcm.obj (.text:PRCMPeripheralClockGet)
                  20009d90    0000008c     simplelink.a : cc_pal.obj (.text:SetupDMAReceive)
                  20009e1c    0000008c                  : cc_pal.obj (.text:SetupDMASend)
                  20009ea8    0000008c                  : netapp.obj (.text:_sl_HandleAsync_DnsGetHostByName)
                  20009f34    0000008c                  : netapp.obj (.text:_sl_HandleAsync_PingResponse)
                  20009fc0    00000088     driverlib.a : pin.obj (.text:PinConfigSet)
                  2000a048    00000088     rtsv7M4_T_le_eabi.lib : vsnprintf.obj (.text)
                  2000a0d0    00000088     simplelink.a : socket.obj (.text:sl_Bind)
                  2000a158    00000086     rtsv7M4_T_le_eabi.lib : fd_cmp_t2.obj (.text:__aeabi_cdcmple)
                  2000a1de    00000086                           : fd_cmp_t2.obj (.text:__aeabi_cdrcmple)
                  2000a264    00000084     simplelink.a : cc_pal.obj (.text:NwpPowerOnPreamble)
                  2000a2e8    00000082     driverlib.a : gpio.obj (.text:GPIOIntTypeSet)
                  2000a36a    00000002     --HOLE-- [fill = 0]
                  2000a36c    00000080     simplelink.a : driver.obj (.text:_SlDrvCmdOp)
                  2000a3ec    00000080                  : cc_pal.obj (.text:spi_Read_CPU)
                  2000a46c    00000080                  : cc_pal.obj (.text:spi_Write_CPU)
                  2000a4ec    0000007c                  : device.obj (.text:_sl_HandleAsync_InitComplete)
                  2000a568    0000007a     rtsv7M4_T_le_eabi.lib : memset_t2.obj (.text)
                  2000a5e2    00000002     --HOLE-- [fill = 0]
                  2000a5e4    00000078     simplelink.a : socket.obj (.text:_sl_HandleAsync_Connect)
                  2000a65c    00000078                  : cc_pal.obj (.text:spi_Close)
                  2000a6d4    00000076     driverlib.a : uart.obj (.text:UARTConfigSetExpClk)
                  2000a74a    00000002     --HOLE-- [fill = 0]
                  2000a74c    00000074     simplelink.a : socket.obj (.text:sl_Recv)
                  2000a7c0    00000070                  : nonos.obj (.text:_SlNonOsMainLoopTask)
                  2000a830    0000006c                  : driver.obj (.text:_SlDrvCmdSend)
                  2000a89c    0000006c     rtsv7M4_T_le_eabi.lib : autoinit.obj (.text)
                  2000a908    0000006a                           : copy_decompress_rle.obj (.text)
                  2000a972    00000002     --HOLE-- [fill = 0]
                  2000a974    00000068     simplelink.a : netapp.obj (.text:_sl_NetAppSendTokenValue)
                  2000a9dc    00000068                  : netapp.obj (.text:sl_NetAppSet)
                  2000aa44    00000068                  : netcfg.obj (.text:sl_NetCfgSet)
                  2000aaac    00000068                  : socket.obj (.text:sl_SetSockOpt)
                  2000ab14    00000068                  : wlan.obj (.text:sl_WlanSet)
                  2000ab7c    00000066     rtsv7M4_T_le_eabi.lib : xdunscal.obj (.text)
                  2000abe2    00000002     --HOLE-- [fill = 0]
                  2000abe4    00000064     driverlib.a : udma.obj (.text:uDMAChannelAttributeDisable)
                  2000ac48    00000064                 : udma.obj (.text:uDMAChannelAttributeEnable)
                  2000acac    00000060     simplelink.a : socket.obj (.text:_sl_HandleAsync_Accept)
                  2000ad0c    00000060                  : wlan.obj (.text:sl_WlanPolicySet)
                  2000ad6c    0000005c                  : nonos.obj (.text:_SlNonOsSemGet)
                  2000adc8    0000005c                  : nonos.obj (.text:_SlNonOsSpawn)
                  2000ae24    0000005c                  : socket.obj (.text:sl_Socket)
                  2000ae80    00000058     driverlib.a : interrupt.obj (.text:IntPendClear)
                  2000aed8    00000058                 : prcm.obj (.text:PRCMPeripheralReset)
                  2000af30    00000056     rtsv7M4_T_le_eabi.lib : ltoa.obj (.text)
                  2000af86    00000002     --HOLE-- [fill = 0]
                  2000af88    00000054     driverlib.a : interrupt.obj (.text:IntPrioritySet)
                  2000afdc    00000054     simplelink.a : socket.obj (.text:_sl_HandleAsync_Select)
                  2000b030    00000054                  : wlan.obj (.text:sl_WlanRxFilterSet)
                  2000b084    00000050                  : device.obj (.text:_sl_HandleAsync_Stop)
                  2000b0d4    00000050     pinmux.obj (.text)
                  2000b124    0000004c     driverlib.a : spi.obj (.text:SPIIntEnable)
                  2000b170    0000004c                 : spi.obj (.text:SPIIntNumberGet)
                  2000b1bc    0000004c     simplelink.a : driver.obj (.text:_SlDrvProtectAsyncRespSetting)
                  2000b208    0000004c                  : driver.obj (.text:_SlDrvRxIrqHandler)
                  2000b254    0000004c                  : socket.obj (.text:_sl_BuildAddress)
                  2000b2a0    0000004c     rtsv7M4_T_le_eabi.lib : atoi.obj (.text)
                  2000b2ec    0000004c                           : cpy_tbl.obj (.text)
                  2000b338    0000004c     driverlib.a : udma.obj (.text:uDMAChannelAssign)
                  2000b384    00000048                 : gpio.obj (.text:GPIOGetIntNumber)
                  2000b3cc    00000048                 : spi.obj (.text:SPIIntClear)
                  2000b414    00000048     simplelink.a : driver.obj (.text:_SlDrvBasicCmd)
                  2000b45c    00000048     rtsv7M4_T_le_eabi.lib : fd_toi_t2.obj (.text)
                  2000b4a4    00000046                           : ldexp.obj (.text)
                  2000b4ea    00000002     --HOLE-- [fill = 0]
                  2000b4ec    00000044     driverlib.a : spi.obj (.text:SPIDmaMaskGet)
                  2000b530    00000044     simplelink.a : cc_pal.obj (.text:cc_SetupTransfer)
                  2000b574    00000044     rtsv7M4_T_le_eabi.lib : exit.obj (.text)
                  2000b5b8    00000040     driverlib.a : pin.obj (.text:PinModeSet)
                  2000b5f8    00000040     rtsv7M4_T_le_eabi.lib : signal.obj (.text)
                  2000b638    0000003e     simplelink.a : cc_pal.obj (.text:NwpRegisterInterruptHandler)
                  2000b676    0000003c                  : netapp.obj (.text:CopyPingResultsToReport)
                  2000b6b2    00000002     --HOLE-- [fill = 0]
                  2000b6b4    0000003c     driverlib.a : prcm.obj (.text:PRCMPeripheralClkEnable)
                  2000b6f0    0000003c     rtsv7M4_T_le_eabi.lib : boot.obj (.text)
                  2000b72c    0000003c     simplelink.a : socket.obj (.text:sl_Htons)
                  2000b768    0000003c                  : socket.obj (.text:sl_Listen)
                  2000b7a4    0000003c     driverlib.a : udma.obj (.text:uDMAChannelControlSet)
                  2000b7e0    00000038     simplelink.a : cc_pal.obj (.text:NwpPowerOff)
                  2000b818    00000036     driverlib.a : gpio.obj (.text:GPIODirModeSet)
                  2000b84e    00000036     simplelink.a : netapp.obj (.text:sl_NetAppMDNSUnRegisterService)
                  2000b884    00000034     driverlib.a : prcm.obj (.text:PRCMPeripheralStatusGet)
                  2000b8b8    00000034                 : spi.obj (.text:SPIFIFOLevelSet)
                  2000b8ec    00000034     rtsv7M4_T_le_eabi.lib : feraiseexcept.obj (.text)
                  2000b920    00000030     driverlib.a : pin.obj (.text:PinTypeGPIO)
                  2000b950    00000030                 : uart.obj (.text:UARTDisable)
                  2000b980    00000030     simplelink.a : device.obj (.text:_SlDrvDeviceEventHandler)
                  2000b9b0    00000030     rtsv7M4_T_le_eabi.lib : xferaise.obj (.text)
                  2000b9e0    00000030     simplelink.a : socket.obj (.text:sl_Close)
                  2000ba10    00000030                  : wlan.obj (.text:sl_WlanProfileDel)
                  2000ba40    00000030                  : wlan.obj (.text:sl_WlanSetMode)
                  2000ba70    0000002e     rtsv7M4_T_le_eabi.lib : i_tofd_t2.obj (.text)
                  2000ba9e    0000002e                           : raise.obj (.text)
                  2000bacc    0000002c     simplelink.a : cc_pal.obj (.text:NwpPowerOn)
                  2000baf8    0000002c     driverlib.a : prcm.obj (.text:PRCMSysResetCauseGet)
                  2000bb24    0000002a     rtsv7M4_T_le_eabi.lib : xdclass.obj (.text)
                  2000bb4e    00000002     --HOLE-- [fill = 0]
                  2000bb50    00000028     driverlib.a : prcm.obj (.text:PRCMPeripheralClkDisable)
                  2000bb78    00000024     simplelink.a : cc_pal.obj (.text:DmaSpiSwIntHandler)
                  2000bb9c    00000024     driverlib.a : interrupt.obj (.text:IntUnregister)
                  2000bbc0    00000024                 : uart.obj (.text:UARTEnable)
                  2000bbe4    00000024     simplelink.a : driver.obj (.text:_SlDrvProtectionObjLockWaitForever)
                  2000bc08    00000024     rtsv7M4_T_le_eabi.lib : memmov.obj (.text)
                  2000bc2c    00000022     driverlib.a : spi.obj (.text:SPIReset)
                  2000bc4e    00000022                 : spi.obj (.text:SPIWordCountSet)
                  2000bc70    00000022     rtsv7M4_T_le_eabi.lib : frexp.obj (.text)
                  2000bc92    00000020     driverlib.a : gpio.obj (.text:GPIOPinWrite)
                  2000bcb2    00000002     --HOLE-- [fill = 0]
                  2000bcb4    00000020                 : interrupt.obj (.text:IntRegister)
                  2000bcd4    00000020     simplelink.a : driver.obj (.text:_SlDrvProtectionObjUnLock)
                  2000bcf4    0000001e     driverlib.a : gpio.obj (.text:GPIOIntRegister)
                  2000bd12    0000001e                 : uart.obj (.text:UARTCharPut)
                  2000bd30    0000001e     simplelink.a : driver.obj (.text:_SlDrvObjLockWaitForever)
                  2000bd4e    0000001e                  : driver.obj (.text:_SlDrvSyncObjWaitForever)
                  2000bd6c    0000001e                  : cc_pal.obj (.text:cc_UDMAChannelSelect)
                  2000bd8a    0000001c     driverlib.a : uart.obj (.text:UARTCharGetNonBlocking)
                  2000bda6    0000001c     rtsv7M4_T_le_eabi.lib : memccpy.obj (.text)
                  2000bdc2    00000002     --HOLE-- [fill = 0]
                  2000bdc4    0000001c     driverlib.a : udma.obj (.text:uDMAChannelEnable)
                  2000bde0    0000001a                 : gpio.obj (.text:GPIOIntEnable)
                  2000bdfa    0000001a                 : pin.obj (.text:PinTypeUART)
                  2000be14    0000001a                 : spi.obj (.text:SPIDmaDisable)
                  2000be2e    0000001a                 : spi.obj (.text:SPIDmaEnable)
                  2000be48    0000001a                 : spi.obj (.text:SPIFIFODisable)
                  2000be62    0000001a                 : spi.obj (.text:SPIFIFOEnable)
                  2000be7c    0000001a                 : spi.obj (.text:SPIIntUnregister)
                  2000be96    0000001a     simplelink.a : driver.obj (.text:_SlDrvObjUnLock)
                  2000beb0    0000001a                  : driver.obj (.text:_SlDrvSyncObjSignal)
                  2000beca    00000018     driverlib.a : gpio.obj (.text:GPIOPinRead)
                  2000bee2    00000018                 : spi.obj (.text:SPICSDisable)
                  2000befa    00000018                 : spi.obj (.text:SPICSEnable)
                  2000bf12    00000018                 : spi.obj (.text:SPIDisable)
                  2000bf2a    00000018                 : spi.obj (.text:SPIEnable)
                  2000bf42    00000018                 : uart.obj (.text:UARTCharsAvail)
                  2000bf5a    00000018     simplelink.a : nonos.obj (.text:_SlNonOsSemSet)
                  2000bf72    00000002     --HOLE-- [fill = 0]
                  2000bf74    00000018                  : device.obj (.text:_sl_GetStartResponseConvert)
                  2000bf8c    00000018     rtsv7M4_T_le_eabi.lib : args_main.obj (.text)
                  2000bfa4    00000016     driverlib.a : prcm.obj (.text:PRCMHIBRegRead)
                  2000bfba    00000016                 : prcm.obj (.text:PRCMHIBRegWrite)
                  2000bfd0    00000016     simplelink.a : driver.obj (.text:_SlDrvMemZero)
                  2000bfe6    00000016     rtsv7M4_T_le_eabi.lib : strchr.obj (.text)
                  2000bffc    00000014     driverlib.a : cpu.obj (.text:CPUcpsie)
                  2000c010    00000014                 : gpio.obj (.text:GPIOIntClear)
                  2000c024    00000014                 : interrupt.obj (.text:IntVTableBaseSet)
                  2000c038    00000014     rtsv7M4_T_le_eabi.lib : _lock.obj (.text)
                  2000c04c    00000014                           : strlen.obj (.text)
                  2000c060    0000000e     simplelink.a : driver.obj (.text:_SlDrvResetCmdExt)
                  2000c06e    0000000e     rtsv7M4_T_le_eabi.lib : copy_decompress_none.obj (.text:decompress:none)
                  2000c07c    0000000e     startup_ccs.obj (.text)
                  2000c08a    00000002     --HOLE-- [fill = 0]
                  2000c08c    0000000c     simplelink.a : cc_pal.obj (.text:NwpMaskInterrupt)
                  2000c098    0000000c                  : cc_pal.obj (.text:NwpUnMaskInterrupt)
                  2000c0a4    0000000c     rtsv7M4_T_le_eabi.lib : copy_zero_init.obj (.text:decompress:ZI)
                  2000c0b0    0000000c     simplelink.a : wlan.obj (.text:sl_WlanDisconnect)
                  2000c0bc    0000000a     driverlib.a : interrupt.obj (.text:IntMasterEnable)
                  2000c0c6    00000006                 : utils.obj (.text:UtilsDelay)
                  2000c0cc    00000006     rtsv7M4_T_le_eabi.lib : copy_decompress_rle.obj (.text:decompress:rle24)
                  2000c0d2    00000004                           : pre_init.obj (.text)

.const     0    2000c0d8    00000728     
                  2000c0d8    00000101     rtsv7M4_T_le_eabi.lib : ctype.obj (.const:.string:_ctypes_)
                  2000c1d9    00000003     --HOLE-- [fill = 0]
                  2000c1dc    00000100     driverlib.a : pin.obj (.const:g_ulPinToPadMap)
                  2000c2dc    000000d4                 : interrupt.obj (.const:g_pulRegs)
                  2000c3b0    000000b0     simplelink.a : wlan.obj (.const:$P$T0$1)
                  2000c460    000000a8     driverlib.a : prcm.obj (.const:PRCM_PeriphRegsList)
                  2000c508    00000080                 : interrupt.obj (.const)
                  2000c588    00000055     main.obj (.const:.string)
                  2000c5dd    00000001     --HOLE-- [fill = 0]
                  2000c5de    0000003c     simplelink.a : driver.obj (.const:OpcodeTranslateTable)
                  2000c61a    0000003c                  : wlan.obj (.const)
                  2000c656    00000002     --HOLE-- [fill = 0]
                  2000c658    00000038                  : driver.obj (.const:_SlActionLookupTable)
                  2000c690    00000034                  : driver.obj (.const)
                  2000c6c4    00000034                  : socket.obj (.const)
                  2000c6f8    00000030     main.obj (.const)
                  2000c728    0000002c     main.obj (.const:$P$T1$2)
                  2000c754    00000028     simplelink.a : netapp.obj (.const)
                  2000c77c    00000024     driverlib.a : spi.obj (.const:g_ppulSPIIntMap)
                  2000c7a0    00000022     main.obj (.const:.string:$P$T0$1)
                  2000c7c2    00000002     --HOLE-- [fill = 0]
                  2000c7c4    00000018     driverlib.a : spi.obj (.const)
                  2000c7dc    00000014     simplelink.a : device.obj (.const)
                  2000c7f0    00000008                  : device.obj (.const:.string)
                  2000c7f8    00000008                  : netcfg.obj (.const)

.cinit     0    2000c800    00000088     
                  2000c800    00000064     (.cinit..data.load) [load image, compression = rle]
                  2000c864    0000000c     (__TI_handler_table)
                  2000c870    00000008     (.cinit..bss.load) [load image, compression = zero_init]
                  2000c878    00000010     (__TI_cinit_table)

.sysmem    0    20017000    00000800     UNINITIALIZED
                  20017000    00000008     rtsv7M4_T_le_eabi.lib : memory.obj (.sysmem)
                  20017008    000007f8     --HOLE--

.bss       0    20017800    00000785     UNINITIALIZED
                  20017800    00000578     main.obj (.bss:uBuf)
                  20017d78    00000168     simplelink.a : driver.obj (.bss:g_StatMem)
                  20017ee0    00000050                  : cc_pal.obj (.bss:g_ucDinDout)
                  20017f30    00000028                  : nonos.obj (.bss:g__SlNonOsCB)
                  20017f58    00000024     main.obj (.bss:g_p2p_dev)
                  20017f7c    00000004     (.common:__Errorlog)
                  20017f80    00000001     (.common:RxIrqCnt)
                  20017f81    00000001     (.common:g_cDummy)
                  20017f82    00000001     (.common:g_ucLED1Pin)
                  20017f83    00000001     (.common:g_ucLED2Pin)
                  20017f84    00000001     (.common:g_ucLED3Pin)

.TI.noinit 
*          0    20017800    00000000     UNINITIALIZED

.data      0    20017f88    000001a0     UNINITIALIZED
                  20017f88    000000b0     rtsv7M4_T_le_eabi.lib : signal.obj (.data:sigtable)
                  20018038    00000080                           : xvalues.obj (.data)
                  200180b8    00000020     gpio_if.obj (.data)
                  200180d8    0000000c     main.obj (.data)
                  200180e4    0000000c     rtsv7M4_T_le_eabi.lib : memory.obj (.data)
                  200180f0    00000009     simplelink.a : cc_pal.obj (.data)
                  200180f9    00000003     --HOLE--
                  200180fc    00000009                  : driver.obj (.data)
                  20018105    00000003     --HOLE--
                  20018108    00000008     rtsv7M4_T_le_eabi.lib : _lock.obj (.data)
                  20018110    00000008                           : exit.obj (.data)
                  20018118    00000008                           : feraiseexcept.obj (.data)
                  20018120    00000004                           : errno.obj (.data)
                  20018124    00000004                           : stkdepth_vars.obj (.data)

.TI.persistent 
*          0    20017f88    00000000     UNINITIALIZED

.stack     0    2002f800    00000800     UNINITIALIZED
                  2002f800    00000800     --HOLE--


LINKER GENERATED COPY TABLES

__TI_cinit_table @ 2000c878 records: 2, size/record: 8, table size: 16
	.data: load addr=2000c800, load size=00000064 bytes, run addr=20017f88, run size=000001a0 bytes, compression=rle
	.bss: load addr=2000c870, load size=00000008 bytes, run addr=20017800, run size=00000785 bytes, compression=zero_init


LINKER GENERATED HANDLER TABLE

__TI_handler_table @ 2000c864 records: 3, size/record: 4, table size: 12
	index: 0, handler: __TI_decompress_rle24
	index: 1, handler: __TI_decompress_none
	index: 2, handler: __TI_zero_init


GLOBAL SYMBOLS: SORTED ALPHABETICALLY BY Name 

address   name                                  
-------   ----                                  
2000b575  C$$EXIT                               
2000bffd  CPUcpsie                              
20007281  ClearTerm                             
2000b677  CopyPingResultsToReport               
2000bb79  DmaSpiSwIntHandler                    
2000728b  Error                                 
2000b819  GPIODirModeSet                        
2000c011  GPIOIntClear                          
2000bde1  GPIOIntEnable                         
2000bcf5  GPIOIntRegister                       
2000a2e9  GPIOIntTypeSet                        
2000becb  GPIOPinRead                           
2000bc93  GPIOPinWrite                          
20007165  GPIO_IF_ConfigureNIntEnable           
200071f1  GPIO_IF_Get                           
2000711f  GPIO_IF_GetPortNPin                   
20006ee1  GPIO_IF_LedConfigure                  
20006fd3  GPIO_IF_LedOff                        
20006f1f  GPIO_IF_LedOn                         
20007087  GPIO_IF_LedStatus                     
200070f1  GPIO_IF_LedToggle                     
200071ad  GPIO_IF_Set                           
200072c3  GetCmd                                
20007241  InitTerm                              
200097f9  IntDisable                            
200098a1  IntEnable                             
2000c0bd  IntMasterEnable                       
2000ae81  IntPendClear                          
2000af89  IntPrioritySet                        
2000bcb5  IntRegister                           
2000bb9d  IntUnregister                         
2000c025  IntVTableBaseSet                      
2000725f  Message                               
2000c08d  NwpMaskInterrupt                      
2000b7e1  NwpPowerOff                           
2000bacd  NwpPowerOn                            
2000a265  NwpPowerOnPreamble                    
2000b639  NwpRegisterInterruptHandler           
2000c099  NwpUnMaskInterrupt                    
2000c5de  OpcodeTranslateTable                  
20005f89  P2PConfiguration                      
200088d1  PRCMCC3200MCUInit                     
2000bfa5  PRCMHIBRegRead                        
2000bfbb  PRCMHIBRegWrite                       
2000bb51  PRCMPeripheralClkDisable              
2000b6b5  PRCMPeripheralClkEnable               
20009cfd  PRCMPeripheralClockGet                
2000aed9  PRCMPeripheralReset                   
2000b885  PRCMPeripheralStatusGet               
2000baf9  PRCMSysResetCauseGet                  
20009fc1  PinConfigSet                          
2000b5b9  PinModeSet                            
2000b0d5  PinMuxConfig                          
2000b921  PinTypeGPIO                           
2000bdfb  PinTypeUART                           
20007401  Report                                
2000c07d  ResetISR                              
20017f80  RxIrqCnt                              
2000c6a0  RxMsgClassLUT                         
UNDEFED   SHT$$INIT_ARRAY$$Base                 
UNDEFED   SHT$$INIT_ARRAY$$Limit                
2000bee3  SPICSDisable                          
2000befb  SPICSEnable                           
200099f1  SPIConfigSetExpClk                    
2000bf13  SPIDisable                            
2000be15  SPIDmaDisable                         
2000be2f  SPIDmaEnable                          
2000bf2b  SPIEnable                             
2000be49  SPIFIFODisable                        
2000be63  SPIFIFOEnable                         
2000b8b9  SPIFIFOLevelSet                       
2000b3cd  SPIIntClear                           
2000b125  SPIIntEnable                          
2000be7d  SPIIntUnregister                      
2000bc2d  SPIReset                              
2000bc4f  SPIWordCountSet                       
20005593  SimpleLinkHttpServerCallback          
2000559f  SimpleLinkNetAppEventHandler          
200055ed  SimpleLinkSockEventHandler            
200054a9  SimpleLinkWlanEventHandler            
20005ec1  StartDeviceInP2P                      
2000c7f0  StartResponseLUT                      
20007369  TrimSpace                             
2000bd8b  UARTCharGetNonBlocking                
2000bd13  UARTCharPut                           
2000bf43  UARTCharsAvail                        
2000a6d5  UARTConfigSetExpClk                   
2000b951  UARTDisable                           
2000bbc1  UARTEnable                            
2000c0c7  UtilsDelay                            
2000bb25  _Dclass                               
20018038  _Denorm                               
20009511  _Dnorm                                
20008b31  _Dscale                               
2000ab7d  _Dunscale                             
20018048  _Eps                                  
20018120  _Errno                                
20018118  _Fenv                                 
2000b9b1  _Feraise                              
20018058  _Hugeval                              
20018068  _Inf                                  
20018078  _Nan                                  
20018098  _Rteps                                
2000c6d8  _SlAcceptCmdCtrl                      
2000c658  _SlActionLookupTable                  
2000968d  _SlAsyncEventGenericHandler           
2000c7e8  _SlDeviceGetCmdCtrl                   
2000c7ec  _SlDeviceSetCmdCtrl                   
2000b415  _SlDrvBasicCmd                        
2000911d  _SlDrvClassifyRxMsg                   
2000a36d  _SlDrvCmdOp                           
2000a831  _SlDrvCmdSend                         
20008a05  _SlDrvDataReadOp                      
2000b981  _SlDrvDeviceEventHandler              
20008c41  _SlDrvDriverCBDeinit                  
20008225  _SlDrvDriverCBInit                    
2000bfd1  _SlDrvMemZero                         
200064dd  _SlDrvMsgRead                         
20009391  _SlDrvMsgReadCmdCtx                   
20009a91  _SlDrvMsgReadSpawnCtx                 
20007d11  _SlDrvMsgWrite                        
20008d41  _SlDrvNetAppEventHandler              
2000bd31  _SlDrvObjLockWaitForever              
2000be97  _SlDrvObjUnLock                       
2000b1bd  _SlDrvProtectAsyncRespSetting         
2000bbe5  _SlDrvProtectionObjLockWaitForever    
2000bcd5  _SlDrvProtectionObjUnLock             
20007b41  _SlDrvReleasePoolObj                  
2000c061  _SlDrvResetCmdExt                     
200074c1  _SlDrvRxHdrRead                       
2000b209  _SlDrvRxIrqHandler                    
2000beb1  _SlDrvSyncObjSignal                   
2000bd4f  _SlDrvSyncObjWaitForever              
20008095  _SlDrvWaitForPoolObj                  
2000c7e4  _SlEventMaskGetCmdCtrl                
2000c7e0  _SlEventMaskSetCmdCtrl                
200083ad  _SlFindAndSetActiveObj                
2000c768  _SlGetHostByNameCtrl                  
2000c764  _SlGetHostByServiceCtrl               
2000c75c  _SlGetServiceListeCtrl                
2000c6e4  _SlGetSockOptCmdCtrl                  
2000c6d4  _SlListenCmdCtrl                      
2000c774  _SlNetAppGetCmdCtrl                   
2000c770  _SlNetAppSendTokenValueCmdCtrl        
2000c76c  _SlNetAppSetCmdCtrl                   
2000c754  _SlNetAppStartCtrl                    
2000c758  _SlNetAppStopCtrl                     
2000c7fc  _SlNetCfgGetCmdCtrl                   
2000c7f8  _SlNetCfgSetCmdCtrl                   
2000a7c1  _SlNonOsMainLoopTask                  
2000ad6d  _SlNonOsSemGet                        
2000bf5b  _SlNonOsSemSet                        
2000adc9  _SlNonOsSpawn                         
2000c61e  _SlPolicyGetCmdCtrl                   
2000c61a  _SlPolicySetCmdCtrl                   
2000c626  _SlProfileDelCmdCtrl                  
2000c622  _SlProfileGetCmdCtrl                  
2000c6dc  _SlRecvCmdCtrl                        
2000c6cc  _SlRecvfomCmdCtrl                     
2000c760  _SlRegisterServiceCtrl                
20009451  _SlRemoveFromList                     
2000c62e  _SlRxFilterAddtCmdCtrl                
2000c636  _SlRxFilterGetCmdCtrl                 
2000c632  _SlRxFilterSetCmdCtrl                 
2000c6e8  _SlSelectCmdCtrl                      
2000c6d0  _SlSendCmdCtrl                        
2000c6e0  _SlSetSockOptCmdCtrl                  
2000c63a  _SlSmartConfigStartCmdCtrl            
2000c6c8  _SlSockCloseCmdCtrl                   
2000c6c4  _SlSockSocketCmdCtrl                  
2000c7dc  _SlStopCmdCtrl                        
2000c646  _SlWlanCfgGetCmdCtrl                  
2000c642  _SlWlanCfgSetCmdCtrl                  
2000c62a  _SlWlanGetNetworkListCtrl             
2000c63e  _SlWlanSetModeCmdCtrl                 
20018088  _Snan                                 
2001811c  _Tls_setup__Fenv                      
200180a8  _Xbig                                 
200180b0  _Zero                                 
20030000  __STACK_END                           
00000800  __STACK_SIZE                          
00000800  __SYSMEM_SIZE                         
2000c878  __TI_CINIT_Base                       
2000c888  __TI_CINIT_Limit                      
2000c864  __TI_Handler_Table_Base               
2000c870  __TI_Handler_Table_Limit              
2000a89d  __TI_auto_init                        
20018110  __TI_cleanup_ptr                      
2000c06f  __TI_decompress_none                  
2000c0cd  __TI_decompress_rle24                 
20018114  __TI_dtors_ptr                        
200051a1  __TI_printfi                          
2000c800  __TI_static_base__                    
2000c0a5  __TI_zero_init                        
2000a159  __aeabi_cdcmpeq                       
2000a159  __aeabi_cdcmple                       
2000a1df  __aeabi_cdrcmple                      
2000b45d  __aeabi_d2iz                          
20007ee7  __aeabi_dadd                          
20008799  __aeabi_ddiv                          
20008e3f  __aeabi_dmul                          
20007edd  __aeabi_dsub                          
2000ba71  __aeabi_i2d                           
2000a569  __aeabi_memclr                        
2000a569  __aeabi_memclr4                       
2000a569  __aeabi_memclr8                       
20009b2d  __aeabi_memcpy                        
20009b2d  __aeabi_memcpy4                       
20009b2d  __aeabi_memcpy8                       
2000a56b  __aeabi_memset                        
2000a56b  __aeabi_memset4                       
2000a56b  __aeabi_memset8                       
2000794d  __aeabi_uldivmod                      
ffffffff  __binit__                             
ffffffff  __c_args__                            
2002f800  __stack                               
2000bf8d  _args_main                            
2000b6f1  _c_int00                              
2000c0d8  _ctypes_                              
20018108  _lock                                 
2000c047  _nop                                  
2000c03f  _register_lock                        
2000c039  _register_unlock                      
2000b255  _sl_BuildAddress                      
2000bf75  _sl_GetStartResponseConvert           
2000acad  _sl_HandleAsync_Accept                
2000a5e5  _sl_HandleAsync_Connect               
20009ea9  _sl_HandleAsync_DnsGetHostByName      
200092c9  _sl_HandleAsync_DnsGetHostByService   
2000a4ed  _sl_HandleAsync_InitComplete          
20009f35  _sl_HandleAsync_PingResponse          
2000afdd  _sl_HandleAsync_Select                
2000b085  _sl_HandleAsync_Stop                  
2000a975  _sl_NetAppSendTokenValue              
20017000  _sys_memory                           
2000c0d3  _system_pre_init                      
2001810c  _unlock                               
2000b579  abort                                 
2000b2a1  atoi                                  
ffffffff  binit                                 
20006e71  calloc                                
2000b2ed  copy_in                               
2000c588  digits                                
2000b581  exit                                  
2000b8ed  feraiseexcept                         
20006bbf  free                                  
2000bc71  frexp                                 
20018104  gFirstCmdMode                         
2000c698  g_H2NCnysPattern                      
2000c690  g_H2NSyncPattern                      
200180f0  g_SpiFd                               
20017d78  g_StatMem                             
20017f30  g__SlNonOsCB                          
20017f81  g_cDummy                              
20017f58  g_p2p_dev                             
200180fc  g_pCB                                 
200180f4  g_pHostIntHdl                         
20004000  g_pfnVectors                          
200180f8  g_ucDMAEnabled                        
20017ee0  g_ucDinDout                           
20017f82  g_ucLED1Pin                           
20017f83  g_ucLED2Pin                           
20017f84  g_ucLED3Pin                           
200180cc  g_uiLED1Port                          
200180d0  g_uiLED2Port                          
200180d4  g_uiLED3Port                          
200180d8  g_ulDeviceIp                          
200180e0  g_ulGatewayIP                         
200180dc  g_ulStatus                            
2000b4a5  ldexp                                 
2000af31  ltoa                                  
2000614d  main                                  
20018124  main_func_sp                          
20006b57  malloc                                
20006d8d  memalign                              
2000bda7  memccpy                               
20009b2d  memcpy                                
2000bc09  memmove                               
2000a571  memset                                
20006ac9  minit                                 
20018100  pPingCallBackFunc                     
2000ba9f  raise                                 
20006c81  realloc                               
2000b5f9  signal                                
20008661  sl_Accept                             
2000a0d1  sl_Bind                               
2000b9e1  sl_Close                              
20009bc9  sl_DevGet                             
2000b72d  sl_Htons                              
2000b769  sl_Listen                             
20009745  sl_NetAppMDNSRegisterUnregisterService
2000b84f  sl_NetAppMDNSUnRegisterService        
2000a9dd  sl_NetAppSet                          
20009949  sl_NetCfgGet                          
2000aa45  sl_NetCfgSet                          
2000a74d  sl_Recv                               
2000aaad  sl_SetSockOpt                         
2000ae25  sl_Socket                             
200095d1  sl_Start                              
200091f5  sl_Stop                               
20007709  sl_WlanConnect                        
2000c0b1  sl_WlanDisconnect                     
2000ad0d  sl_WlanPolicySet                      
2000ba11  sl_WlanProfileDel                     
2000b031  sl_WlanRxFilterSet                    
2000ab15  sl_WlanSet                            
2000ba41  sl_WlanSetMode                        
2000a65d  spi_Close                             
2000851d  spi_Open                              
20008f3d  spi_Read                              
20009c65  spi_Write                             
2000bfe7  strchr                                
2000c04d  strlen                                
20017800  uBuf                                  
2000b339  uDMAChannelAssign                     
2000abe5  uDMAChannelAttributeDisable           
2000ac49  uDMAChannelAttributeEnable            
2000b7a5  uDMAChannelControlSet                 
2000bdc5  uDMAChannelEnable                     
2000902d  uDMAChannelTransferSet                
2000a049  vsnprintf                             


GLOBAL SYMBOLS: SORTED BY Symbol Address 

address   name                                  
-------   ----                                  
00000800  __STACK_SIZE                          
00000800  __SYSMEM_SIZE                         
20004000  g_pfnVectors                          
200051a1  __TI_printfi                          
200054a9  SimpleLinkWlanEventHandler            
20005593  SimpleLinkHttpServerCallback          
2000559f  SimpleLinkNetAppEventHandler          
200055ed  SimpleLinkSockEventHandler            
20005ec1  StartDeviceInP2P                      
20005f89  P2PConfiguration                      
2000614d  main                                  
200064dd  _SlDrvMsgRead                         
20006ac9  minit                                 
20006b57  malloc                                
20006bbf  free                                  
20006c81  realloc                               
20006d8d  memalign                              
20006e71  calloc                                
20006ee1  GPIO_IF_LedConfigure                  
20006f1f  GPIO_IF_LedOn                         
20006fd3  GPIO_IF_LedOff                        
20007087  GPIO_IF_LedStatus                     
200070f1  GPIO_IF_LedToggle                     
2000711f  GPIO_IF_GetPortNPin                   
20007165  GPIO_IF_ConfigureNIntEnable           
200071ad  GPIO_IF_Set                           
200071f1  GPIO_IF_Get                           
20007241  InitTerm                              
2000725f  Message                               
20007281  ClearTerm                             
2000728b  Error                                 
200072c3  GetCmd                                
20007369  TrimSpace                             
20007401  Report                                
200074c1  _SlDrvRxHdrRead                       
20007709  sl_WlanConnect                        
2000794d  __aeabi_uldivmod                      
20007b41  _SlDrvReleasePoolObj                  
20007d11  _SlDrvMsgWrite                        
20007edd  __aeabi_dsub                          
20007ee7  __aeabi_dadd                          
20008095  _SlDrvWaitForPoolObj                  
20008225  _SlDrvDriverCBInit                    
200083ad  _SlFindAndSetActiveObj                
2000851d  spi_Open                              
20008661  sl_Accept                             
20008799  __aeabi_ddiv                          
200088d1  PRCMCC3200MCUInit                     
20008a05  _SlDrvDataReadOp                      
20008b31  _Dscale                               
20008c41  _SlDrvDriverCBDeinit                  
20008d41  _SlDrvNetAppEventHandler              
20008e3f  __aeabi_dmul                          
20008f3d  spi_Read                              
2000902d  uDMAChannelTransferSet                
2000911d  _SlDrvClassifyRxMsg                   
200091f5  sl_Stop                               
200092c9  _sl_HandleAsync_DnsGetHostByService   
20009391  _SlDrvMsgReadCmdCtx                   
20009451  _SlRemoveFromList                     
20009511  _Dnorm                                
200095d1  sl_Start                              
2000968d  _SlAsyncEventGenericHandler           
20009745  sl_NetAppMDNSRegisterUnregisterService
200097f9  IntDisable                            
200098a1  IntEnable                             
20009949  sl_NetCfgGet                          
200099f1  SPIConfigSetExpClk                    
20009a91  _SlDrvMsgReadSpawnCtx                 
20009b2d  __aeabi_memcpy                        
20009b2d  __aeabi_memcpy4                       
20009b2d  __aeabi_memcpy8                       
20009b2d  memcpy                                
20009bc9  sl_DevGet                             
20009c65  spi_Write                             
20009cfd  PRCMPeripheralClockGet                
20009ea9  _sl_HandleAsync_DnsGetHostByName      
20009f35  _sl_HandleAsync_PingResponse          
20009fc1  PinConfigSet                          
2000a049  vsnprintf                             
2000a0d1  sl_Bind                               
2000a159  __aeabi_cdcmpeq                       
2000a159  __aeabi_cdcmple                       
2000a1df  __aeabi_cdrcmple                      
2000a265  NwpPowerOnPreamble                    
2000a2e9  GPIOIntTypeSet                        
2000a36d  _SlDrvCmdOp                           
2000a4ed  _sl_HandleAsync_InitComplete          
2000a569  __aeabi_memclr                        
2000a569  __aeabi_memclr4                       
2000a569  __aeabi_memclr8                       
2000a56b  __aeabi_memset                        
2000a56b  __aeabi_memset4                       
2000a56b  __aeabi_memset8                       
2000a571  memset                                
2000a5e5  _sl_HandleAsync_Connect               
2000a65d  spi_Close                             
2000a6d5  UARTConfigSetExpClk                   
2000a74d  sl_Recv                               
2000a7c1  _SlNonOsMainLoopTask                  
2000a831  _SlDrvCmdSend                         
2000a89d  __TI_auto_init                        
2000a975  _sl_NetAppSendTokenValue              
2000a9dd  sl_NetAppSet                          
2000aa45  sl_NetCfgSet                          
2000aaad  sl_SetSockOpt                         
2000ab15  sl_WlanSet                            
2000ab7d  _Dunscale                             
2000abe5  uDMAChannelAttributeDisable           
2000ac49  uDMAChannelAttributeEnable            
2000acad  _sl_HandleAsync_Accept                
2000ad0d  sl_WlanPolicySet                      
2000ad6d  _SlNonOsSemGet                        
2000adc9  _SlNonOsSpawn                         
2000ae25  sl_Socket                             
2000ae81  IntPendClear                          
2000aed9  PRCMPeripheralReset                   
2000af31  ltoa                                  
2000af89  IntPrioritySet                        
2000afdd  _sl_HandleAsync_Select                
2000b031  sl_WlanRxFilterSet                    
2000b085  _sl_HandleAsync_Stop                  
2000b0d5  PinMuxConfig                          
2000b125  SPIIntEnable                          
2000b1bd  _SlDrvProtectAsyncRespSetting         
2000b209  _SlDrvRxIrqHandler                    
2000b255  _sl_BuildAddress                      
2000b2a1  atoi                                  
2000b2ed  copy_in                               
2000b339  uDMAChannelAssign                     
2000b3cd  SPIIntClear                           
2000b415  _SlDrvBasicCmd                        
2000b45d  __aeabi_d2iz                          
2000b4a5  ldexp                                 
2000b575  C$$EXIT                               
2000b579  abort                                 
2000b581  exit                                  
2000b5b9  PinModeSet                            
2000b5f9  signal                                
2000b639  NwpRegisterInterruptHandler           
2000b677  CopyPingResultsToReport               
2000b6b5  PRCMPeripheralClkEnable               
2000b6f1  _c_int00                              
2000b72d  sl_Htons                              
2000b769  sl_Listen                             
2000b7a5  uDMAChannelControlSet                 
2000b7e1  NwpPowerOff                           
2000b819  GPIODirModeSet                        
2000b84f  sl_NetAppMDNSUnRegisterService        
2000b885  PRCMPeripheralStatusGet               
2000b8b9  SPIFIFOLevelSet                       
2000b8ed  feraiseexcept                         
2000b921  PinTypeGPIO                           
2000b951  UARTDisable                           
2000b981  _SlDrvDeviceEventHandler              
2000b9b1  _Feraise                              
2000b9e1  sl_Close                              
2000ba11  sl_WlanProfileDel                     
2000ba41  sl_WlanSetMode                        
2000ba71  __aeabi_i2d                           
2000ba9f  raise                                 
2000bacd  NwpPowerOn                            
2000baf9  PRCMSysResetCauseGet                  
2000bb25  _Dclass                               
2000bb51  PRCMPeripheralClkDisable              
2000bb79  DmaSpiSwIntHandler                    
2000bb9d  IntUnregister                         
2000bbc1  UARTEnable                            
2000bbe5  _SlDrvProtectionObjLockWaitForever    
2000bc09  memmove                               
2000bc2d  SPIReset                              
2000bc4f  SPIWordCountSet                       
2000bc71  frexp                                 
2000bc93  GPIOPinWrite                          
2000bcb5  IntRegister                           
2000bcd5  _SlDrvProtectionObjUnLock             
2000bcf5  GPIOIntRegister                       
2000bd13  UARTCharPut                           
2000bd31  _SlDrvObjLockWaitForever              
2000bd4f  _SlDrvSyncObjWaitForever              
2000bd8b  UARTCharGetNonBlocking                
2000bda7  memccpy                               
2000bdc5  uDMAChannelEnable                     
2000bde1  GPIOIntEnable                         
2000bdfb  PinTypeUART                           
2000be15  SPIDmaDisable                         
2000be2f  SPIDmaEnable                          
2000be49  SPIFIFODisable                        
2000be63  SPIFIFOEnable                         
2000be7d  SPIIntUnregister                      
2000be97  _SlDrvObjUnLock                       
2000beb1  _SlDrvSyncObjSignal                   
2000becb  GPIOPinRead                           
2000bee3  SPICSDisable                          
2000befb  SPICSEnable                           
2000bf13  SPIDisable                            
2000bf2b  SPIEnable                             
2000bf43  UARTCharsAvail                        
2000bf5b  _SlNonOsSemSet                        
2000bf75  _sl_GetStartResponseConvert           
2000bf8d  _args_main                            
2000bfa5  PRCMHIBRegRead                        
2000bfbb  PRCMHIBRegWrite                       
2000bfd1  _SlDrvMemZero                         
2000bfe7  strchr                                
2000bffd  CPUcpsie                              
2000c011  GPIOIntClear                          
2000c025  IntVTableBaseSet                      
2000c039  _register_unlock                      
2000c03f  _register_lock                        
2000c047  _nop                                  
2000c04d  strlen                                
2000c061  _SlDrvResetCmdExt                     
2000c06f  __TI_decompress_none                  
2000c07d  ResetISR                              
2000c08d  NwpMaskInterrupt                      
2000c099  NwpUnMaskInterrupt                    
2000c0a5  __TI_zero_init                        
2000c0b1  sl_WlanDisconnect                     
2000c0bd  IntMasterEnable                       
2000c0c7  UtilsDelay                            
2000c0cd  __TI_decompress_rle24                 
2000c0d3  _system_pre_init                      
2000c0d8  _ctypes_                              
2000c588  digits                                
2000c5de  OpcodeTranslateTable                  
2000c61a  _SlPolicySetCmdCtrl                   
2000c61e  _SlPolicyGetCmdCtrl                   
2000c622  _SlProfileGetCmdCtrl                  
2000c626  _SlProfileDelCmdCtrl                  
2000c62a  _SlWlanGetNetworkListCtrl             
2000c62e  _SlRxFilterAddtCmdCtrl                
2000c632  _SlRxFilterSetCmdCtrl                 
2000c636  _SlRxFilterGetCmdCtrl                 
2000c63a  _SlSmartConfigStartCmdCtrl            
2000c63e  _SlWlanSetModeCmdCtrl                 
2000c642  _SlWlanCfgSetCmdCtrl                  
2000c646  _SlWlanCfgGetCmdCtrl                  
2000c658  _SlActionLookupTable                  
2000c690  g_H2NSyncPattern                      
2000c698  g_H2NCnysPattern                      
2000c6a0  RxMsgClassLUT                         
2000c6c4  _SlSockSocketCmdCtrl                  
2000c6c8  _SlSockCloseCmdCtrl                   
2000c6cc  _SlRecvfomCmdCtrl                     
2000c6d0  _SlSendCmdCtrl                        
2000c6d4  _SlListenCmdCtrl                      
2000c6d8  _SlAcceptCmdCtrl                      
2000c6dc  _SlRecvCmdCtrl                        
2000c6e0  _SlSetSockOptCmdCtrl                  
2000c6e4  _SlGetSockOptCmdCtrl                  
2000c6e8  _SlSelectCmdCtrl                      
2000c754  _SlNetAppStartCtrl                    
2000c758  _SlNetAppStopCtrl                     
2000c75c  _SlGetServiceListeCtrl                
2000c760  _SlRegisterServiceCtrl                
2000c764  _SlGetHostByServiceCtrl               
2000c768  _SlGetHostByNameCtrl                  
2000c76c  _SlNetAppSetCmdCtrl                   
2000c770  _SlNetAppSendTokenValueCmdCtrl        
2000c774  _SlNetAppGetCmdCtrl                   
2000c7dc  _SlStopCmdCtrl                        
2000c7e0  _SlEventMaskSetCmdCtrl                
2000c7e4  _SlEventMaskGetCmdCtrl                
2000c7e8  _SlDeviceGetCmdCtrl                   
2000c7ec  _SlDeviceSetCmdCtrl                   
2000c7f0  StartResponseLUT                      
2000c7f8  _SlNetCfgSetCmdCtrl                   
2000c7fc  _SlNetCfgGetCmdCtrl                   
2000c800  __TI_static_base__                    
2000c864  __TI_Handler_Table_Base               
2000c870  __TI_Handler_Table_Limit              
2000c878  __TI_CINIT_Base                       
2000c888  __TI_CINIT_Limit                      
20017000  _sys_memory                           
20017800  uBuf                                  
20017d78  g_StatMem                             
20017ee0  g_ucDinDout                           
20017f30  g__SlNonOsCB                          
20017f58  g_p2p_dev                             
20017f80  RxIrqCnt                              
20017f81  g_cDummy                              
20017f82  g_ucLED1Pin                           
20017f83  g_ucLED2Pin                           
20017f84  g_ucLED3Pin                           
20018038  _Denorm                               
20018048  _Eps                                  
20018058  _Hugeval                              
20018068  _Inf                                  
20018078  _Nan                                  
20018088  _Snan                                 
20018098  _Rteps                                
200180a8  _Xbig                                 
200180b0  _Zero                                 
200180cc  g_uiLED1Port                          
200180d0  g_uiLED2Port                          
200180d4  g_uiLED3Port                          
200180d8  g_ulDeviceIp                          
200180dc  g_ulStatus                            
200180e0  g_ulGatewayIP                         
200180f0  g_SpiFd                               
200180f4  g_pHostIntHdl                         
200180f8  g_ucDMAEnabled                        
200180fc  g_pCB                                 
20018100  pPingCallBackFunc                     
20018104  gFirstCmdMode                         
20018108  _lock                                 
2001810c  _unlock                               
20018110  __TI_cleanup_ptr                      
20018114  __TI_dtors_ptr                        
20018118  _Fenv                                 
2001811c  _Tls_setup__Fenv                      
20018120  _Errno                                
20018124  main_func_sp                          
2002f800  __stack                               
20030000  __STACK_END                           
ffffffff  __binit__                             
ffffffff  __c_args__                            
ffffffff  binit                                 
UNDEFED   SHT$$INIT_ARRAY$$Base                 
UNDEFED   SHT$$INIT_ARRAY$$Limit                

[321 symbols]
