<?xml version="1.0"?>
<link_info>
   <banner>TI ARM Linker PC v5.2.2</banner>
   <copyright>Copyright (c) 1996-2015 Texas Instruments Incorporated</copyright>
   <link_time>0x563af8b1</link_time>
   <link_errors>0x0</link_errors>
   <output_file>p2p.out</output_file>
   <entry_point>
      <name>_c_int00</name>
      <address>0x2000b6f1</address>
   </entry_point>
   <input_file_list>
      <input_file id="fl-2">
         <path>.\</path>
         <kind>object</kind>
         <file>gpio_if.obj</file>
         <name>gpio_if.obj</name>
      </input_file>
      <input_file id="fl-3">
         <path>.\</path>
         <kind>object</kind>
         <file>main.obj</file>
         <name>main.obj</name>
      </input_file>
      <input_file id="fl-4">
         <path>.\</path>
         <kind>object</kind>
         <file>pinmux.obj</file>
         <name>pinmux.obj</name>
      </input_file>
      <input_file id="fl-5">
         <path>.\</path>
         <kind>object</kind>
         <file>startup_ccs.obj</file>
         <name>startup_ccs.obj</name>
      </input_file>
      <input_file id="fl-6">
         <path>.\</path>
         <kind>object</kind>
         <file>uart_if.obj</file>
         <name>uart_if.obj</name>
      </input_file>
      <input_file id="fl-12e">
         <path>C:\ti\ccsv6\tools\compiler\ti-cgt-arm_5.2.2\lib\</path>
         <kind>archive</kind>
         <file>rtsv7M4_T_le_eabi.lib</file>
         <name>boot.obj</name>
      </input_file>
      <input_file id="fl-12f">
         <path>C:\ti\ccsv6\tools\compiler\ti-cgt-arm_5.2.2\lib\</path>
         <kind>archive</kind>
         <file>rtsv7M4_T_le_eabi.lib</file>
         <name>copy_decompress_none.obj</name>
      </input_file>
      <input_file id="fl-130">
         <path>C:\ti\ccsv6\tools\compiler\ti-cgt-arm_5.2.2\lib\</path>
         <kind>archive</kind>
         <file>rtsv7M4_T_le_eabi.lib</file>
         <name>copy_decompress_rle.obj</name>
      </input_file>
      <input_file id="fl-131">
         <path>C:\ti\ccsv6\tools\compiler\ti-cgt-arm_5.2.2\lib\</path>
         <kind>archive</kind>
         <file>rtsv7M4_T_le_eabi.lib</file>
         <name>copy_zero_init.obj</name>
      </input_file>
      <input_file id="fl-132">
         <path>C:\ti\ccsv6\tools\compiler\ti-cgt-arm_5.2.2\lib\</path>
         <kind>archive</kind>
         <file>rtsv7M4_T_le_eabi.lib</file>
         <name>exit.obj</name>
      </input_file>
      <input_file id="fl-133">
         <path>C:\ti\ccsv6\tools\compiler\ti-cgt-arm_5.2.2\lib\</path>
         <kind>archive</kind>
         <file>rtsv7M4_T_le_eabi.lib</file>
         <name>memcpy_t2.obj</name>
      </input_file>
      <input_file id="fl-134">
         <path>C:\ti\ccsv6\tools\compiler\ti-cgt-arm_5.2.2\lib\</path>
         <kind>archive</kind>
         <file>rtsv7M4_T_le_eabi.lib</file>
         <name>memmov.obj</name>
      </input_file>
      <input_file id="fl-135">
         <path>C:\ti\ccsv6\tools\compiler\ti-cgt-arm_5.2.2\lib\</path>
         <kind>archive</kind>
         <file>rtsv7M4_T_le_eabi.lib</file>
         <name>memory.obj</name>
      </input_file>
      <input_file id="fl-136">
         <path>C:\ti\ccsv6\tools\compiler\ti-cgt-arm_5.2.2\lib\</path>
         <kind>archive</kind>
         <file>rtsv7M4_T_le_eabi.lib</file>
         <name>memset_t2.obj</name>
      </input_file>
      <input_file id="fl-137">
         <path>C:\ti\ccsv6\tools\compiler\ti-cgt-arm_5.2.2\lib\</path>
         <kind>archive</kind>
         <file>rtsv7M4_T_le_eabi.lib</file>
         <name>pre_init.obj</name>
      </input_file>
      <input_file id="fl-138">
         <path>C:\ti\ccsv6\tools\compiler\ti-cgt-arm_5.2.2\lib\</path>
         <kind>archive</kind>
         <file>rtsv7M4_T_le_eabi.lib</file>
         <name>stkdepth_vars.obj</name>
      </input_file>
      <input_file id="fl-139">
         <path>C:\ti\ccsv6\tools\compiler\ti-cgt-arm_5.2.2\lib\</path>
         <kind>archive</kind>
         <file>rtsv7M4_T_le_eabi.lib</file>
         <name>strlen.obj</name>
      </input_file>
      <input_file id="fl-13a">
         <path>C:\ti\ccsv6\tools\compiler\ti-cgt-arm_5.2.2\lib\</path>
         <kind>archive</kind>
         <file>rtsv7M4_T_le_eabi.lib</file>
         <name>vsnprintf.obj</name>
      </input_file>
      <input_file id="fl-13b">
         <path>C:\ti\ccsv6\tools\compiler\ti-cgt-arm_5.2.2\lib\</path>
         <kind>archive</kind>
         <file>rtsv7M4_T_le_eabi.lib</file>
         <name>_lock.obj</name>
      </input_file>
      <input_file id="fl-13c">
         <path>C:\ti\ccsv6\tools\compiler\ti-cgt-arm_5.2.2\lib\</path>
         <kind>archive</kind>
         <file>rtsv7M4_T_le_eabi.lib</file>
         <name>_printfi.obj</name>
      </input_file>
      <input_file id="fl-13d">
         <path>C:\ti\ccsv6\tools\compiler\ti-cgt-arm_5.2.2\lib\</path>
         <kind>archive</kind>
         <file>rtsv7M4_T_le_eabi.lib</file>
         <name>args_main.obj</name>
      </input_file>
      <input_file id="fl-13e">
         <path>C:\ti\ccsv6\tools\compiler\ti-cgt-arm_5.2.2\lib\</path>
         <kind>archive</kind>
         <file>rtsv7M4_T_le_eabi.lib</file>
         <name>atoi.obj</name>
      </input_file>
      <input_file id="fl-13f">
         <path>C:\ti\ccsv6\tools\compiler\ti-cgt-arm_5.2.2\lib\</path>
         <kind>archive</kind>
         <file>rtsv7M4_T_le_eabi.lib</file>
         <name>autoinit.obj</name>
      </input_file>
      <input_file id="fl-140">
         <path>C:\ti\ccsv6\tools\compiler\ti-cgt-arm_5.2.2\lib\</path>
         <kind>archive</kind>
         <file>rtsv7M4_T_le_eabi.lib</file>
         <name>cpy_tbl.obj</name>
      </input_file>
      <input_file id="fl-141">
         <path>C:\ti\ccsv6\tools\compiler\ti-cgt-arm_5.2.2\lib\</path>
         <kind>archive</kind>
         <file>rtsv7M4_T_le_eabi.lib</file>
         <name>ctype.obj</name>
      </input_file>
      <input_file id="fl-142">
         <path>C:\ti\ccsv6\tools\compiler\ti-cgt-arm_5.2.2\lib\</path>
         <kind>archive</kind>
         <file>rtsv7M4_T_le_eabi.lib</file>
         <name>fd_add_t2.obj</name>
      </input_file>
      <input_file id="fl-143">
         <path>C:\ti\ccsv6\tools\compiler\ti-cgt-arm_5.2.2\lib\</path>
         <kind>archive</kind>
         <file>rtsv7M4_T_le_eabi.lib</file>
         <name>fd_cmp_t2.obj</name>
      </input_file>
      <input_file id="fl-144">
         <path>C:\ti\ccsv6\tools\compiler\ti-cgt-arm_5.2.2\lib\</path>
         <kind>archive</kind>
         <file>rtsv7M4_T_le_eabi.lib</file>
         <name>fd_div_t2.obj</name>
      </input_file>
      <input_file id="fl-145">
         <path>C:\ti\ccsv6\tools\compiler\ti-cgt-arm_5.2.2\lib\</path>
         <kind>archive</kind>
         <file>rtsv7M4_T_le_eabi.lib</file>
         <name>fd_mul_t2.obj</name>
      </input_file>
      <input_file id="fl-146">
         <path>C:\ti\ccsv6\tools\compiler\ti-cgt-arm_5.2.2\lib\</path>
         <kind>archive</kind>
         <file>rtsv7M4_T_le_eabi.lib</file>
         <name>fd_toi_t2.obj</name>
      </input_file>
      <input_file id="fl-147">
         <path>C:\ti\ccsv6\tools\compiler\ti-cgt-arm_5.2.2\lib\</path>
         <kind>archive</kind>
         <file>rtsv7M4_T_le_eabi.lib</file>
         <name>frexp.obj</name>
      </input_file>
      <input_file id="fl-148">
         <path>C:\ti\ccsv6\tools\compiler\ti-cgt-arm_5.2.2\lib\</path>
         <kind>archive</kind>
         <file>rtsv7M4_T_le_eabi.lib</file>
         <name>i_tofd_t2.obj</name>
      </input_file>
      <input_file id="fl-149">
         <path>C:\ti\ccsv6\tools\compiler\ti-cgt-arm_5.2.2\lib\</path>
         <kind>archive</kind>
         <file>rtsv7M4_T_le_eabi.lib</file>
         <name>ldexp.obj</name>
      </input_file>
      <input_file id="fl-14a">
         <path>C:\ti\ccsv6\tools\compiler\ti-cgt-arm_5.2.2\lib\</path>
         <kind>archive</kind>
         <file>rtsv7M4_T_le_eabi.lib</file>
         <name>ltoa.obj</name>
      </input_file>
      <input_file id="fl-14b">
         <path>C:\ti\ccsv6\tools\compiler\ti-cgt-arm_5.2.2\lib\</path>
         <kind>archive</kind>
         <file>rtsv7M4_T_le_eabi.lib</file>
         <name>memccpy.obj</name>
      </input_file>
      <input_file id="fl-14c">
         <path>C:\ti\ccsv6\tools\compiler\ti-cgt-arm_5.2.2\lib\</path>
         <kind>archive</kind>
         <file>rtsv7M4_T_le_eabi.lib</file>
         <name>strchr.obj</name>
      </input_file>
      <input_file id="fl-14d">
         <path>C:\ti\ccsv6\tools\compiler\ti-cgt-arm_5.2.2\lib\</path>
         <kind>archive</kind>
         <file>rtsv7M4_T_le_eabi.lib</file>
         <name>ull_div_t2.obj</name>
      </input_file>
      <input_file id="fl-14e">
         <path>C:\ti\ccsv6\tools\compiler\ti-cgt-arm_5.2.2\lib\</path>
         <kind>archive</kind>
         <file>rtsv7M4_T_le_eabi.lib</file>
         <name>xdclass.obj</name>
      </input_file>
      <input_file id="fl-14f">
         <path>C:\ti\ccsv6\tools\compiler\ti-cgt-arm_5.2.2\lib\</path>
         <kind>archive</kind>
         <file>rtsv7M4_T_le_eabi.lib</file>
         <name>xdscale.obj</name>
      </input_file>
      <input_file id="fl-150">
         <path>C:\ti\ccsv6\tools\compiler\ti-cgt-arm_5.2.2\lib\</path>
         <kind>archive</kind>
         <file>rtsv7M4_T_le_eabi.lib</file>
         <name>xdunscal.obj</name>
      </input_file>
      <input_file id="fl-151">
         <path>C:\ti\ccsv6\tools\compiler\ti-cgt-arm_5.2.2\lib\</path>
         <kind>archive</kind>
         <file>rtsv7M4_T_le_eabi.lib</file>
         <name>xferaise.obj</name>
      </input_file>
      <input_file id="fl-152">
         <path>C:\ti\ccsv6\tools\compiler\ti-cgt-arm_5.2.2\lib\</path>
         <kind>archive</kind>
         <file>rtsv7M4_T_le_eabi.lib</file>
         <name>xvalues.obj</name>
      </input_file>
      <input_file id="fl-153">
         <path>C:\ti\ccsv6\tools\compiler\ti-cgt-arm_5.2.2\lib\</path>
         <kind>archive</kind>
         <file>rtsv7M4_T_le_eabi.lib</file>
         <name>errno.obj</name>
      </input_file>
      <input_file id="fl-154">
         <path>C:\ti\ccsv6\tools\compiler\ti-cgt-arm_5.2.2\lib\</path>
         <kind>archive</kind>
         <file>rtsv7M4_T_le_eabi.lib</file>
         <name>feraiseexcept.obj</name>
      </input_file>
      <input_file id="fl-155">
         <path>C:\ti\ccsv6\tools\compiler\ti-cgt-arm_5.2.2\lib\</path>
         <kind>archive</kind>
         <file>rtsv7M4_T_le_eabi.lib</file>
         <name>raise.obj</name>
      </input_file>
      <input_file id="fl-156">
         <path>C:\ti\ccsv6\tools\compiler\ti-cgt-arm_5.2.2\lib\</path>
         <kind>archive</kind>
         <file>rtsv7M4_T_le_eabi.lib</file>
         <name>signal.obj</name>
      </input_file>
      <input_file id="fl-157">
         <path>C:\ti\ccsv6\tools\compiler\ti-cgt-arm_5.2.2\lib\</path>
         <kind>archive</kind>
         <file>rtsv7M4_T_le_eabi.lib</file>
         <name>xdnorm.obj</name>
      </input_file>
      <input_file id="fl-158">
         <path>C:\ti\CC3200SDK_1.1.0\cc3200-sdk\example\p2p\ccs\..\..\..\driverlib\ccs\Release\</path>
         <kind>archive</kind>
         <file>driverlib.a</file>
         <name>gpio.obj</name>
      </input_file>
      <input_file id="fl-159">
         <path>C:\ti\CC3200SDK_1.1.0\cc3200-sdk\example\p2p\ccs\..\..\..\driverlib\ccs\Release\</path>
         <kind>archive</kind>
         <file>driverlib.a</file>
         <name>interrupt.obj</name>
      </input_file>
      <input_file id="fl-15a">
         <path>C:\ti\CC3200SDK_1.1.0\cc3200-sdk\example\p2p\ccs\..\..\..\driverlib\ccs\Release\</path>
         <kind>archive</kind>
         <file>driverlib.a</file>
         <name>pin.obj</name>
      </input_file>
      <input_file id="fl-15b">
         <path>C:\ti\CC3200SDK_1.1.0\cc3200-sdk\example\p2p\ccs\..\..\..\driverlib\ccs\Release\</path>
         <kind>archive</kind>
         <file>driverlib.a</file>
         <name>prcm.obj</name>
      </input_file>
      <input_file id="fl-15c">
         <path>C:\ti\CC3200SDK_1.1.0\cc3200-sdk\example\p2p\ccs\..\..\..\driverlib\ccs\Release\</path>
         <kind>archive</kind>
         <file>driverlib.a</file>
         <name>uart.obj</name>
      </input_file>
      <input_file id="fl-15d">
         <path>C:\ti\CC3200SDK_1.1.0\cc3200-sdk\example\p2p\ccs\..\..\..\driverlib\ccs\Release\</path>
         <kind>archive</kind>
         <file>driverlib.a</file>
         <name>utils.obj</name>
      </input_file>
      <input_file id="fl-15e">
         <path>C:\ti\CC3200SDK_1.1.0\cc3200-sdk\example\p2p\ccs\..\..\..\driverlib\ccs\Release\</path>
         <kind>archive</kind>
         <file>driverlib.a</file>
         <name>cpu.obj</name>
      </input_file>
      <input_file id="fl-15f">
         <path>C:\ti\CC3200SDK_1.1.0\cc3200-sdk\example\p2p\ccs\..\..\..\driverlib\ccs\Release\</path>
         <kind>archive</kind>
         <file>driverlib.a</file>
         <name>flash.obj</name>
      </input_file>
      <input_file id="fl-160">
         <path>C:\ti\CC3200SDK_1.1.0\cc3200-sdk\example\p2p\ccs\..\..\..\simplelink\ccs\NON_OS\</path>
         <kind>archive</kind>
         <file>simplelink.a</file>
         <name>device.obj</name>
      </input_file>
      <input_file id="fl-161">
         <path>C:\ti\CC3200SDK_1.1.0\cc3200-sdk\example\p2p\ccs\..\..\..\simplelink\ccs\NON_OS\</path>
         <kind>archive</kind>
         <file>simplelink.a</file>
         <name>driver.obj</name>
      </input_file>
      <input_file id="fl-162">
         <path>C:\ti\CC3200SDK_1.1.0\cc3200-sdk\example\p2p\ccs\..\..\..\simplelink\ccs\NON_OS\</path>
         <kind>archive</kind>
         <file>simplelink.a</file>
         <name>netapp.obj</name>
      </input_file>
      <input_file id="fl-163">
         <path>C:\ti\CC3200SDK_1.1.0\cc3200-sdk\example\p2p\ccs\..\..\..\simplelink\ccs\NON_OS\</path>
         <kind>archive</kind>
         <file>simplelink.a</file>
         <name>netcfg.obj</name>
      </input_file>
      <input_file id="fl-164">
         <path>C:\ti\CC3200SDK_1.1.0\cc3200-sdk\example\p2p\ccs\..\..\..\simplelink\ccs\NON_OS\</path>
         <kind>archive</kind>
         <file>simplelink.a</file>
         <name>nonos.obj</name>
      </input_file>
      <input_file id="fl-165">
         <path>C:\ti\CC3200SDK_1.1.0\cc3200-sdk\example\p2p\ccs\..\..\..\simplelink\ccs\NON_OS\</path>
         <kind>archive</kind>
         <file>simplelink.a</file>
         <name>socket.obj</name>
      </input_file>
      <input_file id="fl-166">
         <path>C:\ti\CC3200SDK_1.1.0\cc3200-sdk\example\p2p\ccs\..\..\..\simplelink\ccs\NON_OS\</path>
         <kind>archive</kind>
         <file>simplelink.a</file>
         <name>wlan.obj</name>
      </input_file>
      <input_file id="fl-167">
         <path>C:\ti\CC3200SDK_1.1.0\cc3200-sdk\example\p2p\ccs\..\..\..\simplelink\ccs\NON_OS\</path>
         <kind>archive</kind>
         <file>simplelink.a</file>
         <name>cc_pal.obj</name>
      </input_file>
      <input_file id="fl-168">
         <path>C:\ti\CC3200SDK_1.1.0\cc3200-sdk\example\p2p\ccs\..\..\..\driverlib\ccs\Release\</path>
         <kind>archive</kind>
         <file>driverlib.a</file>
         <name>spi.obj</name>
      </input_file>
      <input_file id="fl-169">
         <path>C:\ti\CC3200SDK_1.1.0\cc3200-sdk\example\p2p\ccs\..\..\..\driverlib\ccs\Release\</path>
         <kind>archive</kind>
         <file>driverlib.a</file>
         <name>udma.obj</name>
      </input_file>
   </input_file_list>
   <object_component_list>
      <object_component id="oc-f">
         <name>.intvecs</name>
         <load_address>0x20004000</load_address>
         <run_address>0x20004000</run_address>
         <size>0x400</size>
         <input_file_ref idref="fl-5"/>
      </object_component>
      <object_component id="oc-394">
         <name>.text</name>
         <load_address>0x20004400</load_address>
         <run_address>0x20004400</run_address>
         <size>0x10a6</size>
         <input_file_ref idref="fl-13c"/>
      </object_component>
      <object_component id="oc-5a7">
         <name>.text:IntDefaultHandler</name>
         <load_address>0x200054a6</load_address>
         <run_address>0x200054a6</run_address>
         <size>0x2</size>
         <input_file_ref idref="fl-159"/>
      </object_component>
      <object_component id="oc-9f">
         <name>.text</name>
         <load_address>0x200054a8</load_address>
         <run_address>0x200054a8</run_address>
         <size>0x1034</size>
         <input_file_ref idref="fl-3"/>
      </object_component>
      <object_component id="oc-5b5">
         <name>.text:_SlDrvMsgRead</name>
         <load_address>0x200064dc</load_address>
         <run_address>0x200064dc</run_address>
         <size>0x5ec</size>
         <input_file_ref idref="fl-161"/>
      </object_component>
      <object_component id="oc-1fb">
         <name>.text</name>
         <load_address>0x20006ac8</load_address>
         <run_address>0x20006ac8</run_address>
         <size>0x3dc</size>
         <input_file_ref idref="fl-135"/>
      </object_component>
      <object_component id="oc-16d">
         <name>.text</name>
         <load_address>0x20006ea4</load_address>
         <run_address>0x20006ea4</run_address>
         <size>0x39c</size>
         <input_file_ref idref="fl-2"/>
      </object_component>
      <object_component id="oc-cc">
         <name>.text</name>
         <load_address>0x20007240</load_address>
         <run_address>0x20007240</run_address>
         <size>0x280</size>
         <input_file_ref idref="fl-6"/>
      </object_component>
      <object_component id="oc-62c">
         <name>.text:_SlDrvRxHdrRead</name>
         <load_address>0x200074c0</load_address>
         <run_address>0x200074c0</run_address>
         <size>0x248</size>
         <input_file_ref idref="fl-161"/>
      </object_component>
      <object_component id="oc-127">
         <name>.text:sl_WlanConnect</name>
         <load_address>0x20007708</load_address>
         <run_address>0x20007708</run_address>
         <size>0x244</size>
         <input_file_ref idref="fl-166"/>
      </object_component>
      <object_component id="oc-50a">
         <name>.text</name>
         <load_address>0x2000794c</load_address>
         <run_address>0x2000794c</run_address>
         <size>0x1f4</size>
         <input_file_ref idref="fl-14d"/>
      </object_component>
      <object_component id="oc-243">
         <name>.text:_SlDrvReleasePoolObj</name>
         <load_address>0x20007b40</load_address>
         <run_address>0x20007b40</run_address>
         <size>0x1d0</size>
         <input_file_ref idref="fl-161"/>
      </object_component>
      <object_component id="oc-490">
         <name>.text:_SlDrvMsgWrite</name>
         <load_address>0x20007d10</load_address>
         <run_address>0x20007d10</run_address>
         <size>0x1cc</size>
         <input_file_ref idref="fl-161"/>
      </object_component>
      <object_component id="oc-533">
         <name>.text</name>
         <load_address>0x20007edc</load_address>
         <run_address>0x20007edc</run_address>
         <size>0x1b6</size>
         <input_file_ref idref="fl-142"/>
      </object_component>
      <object_component id="oc-41e">
         <name>.text:_SlDrvWaitForPoolObj</name>
         <load_address>0x20008094</load_address>
         <run_address>0x20008094</run_address>
         <size>0x190</size>
         <input_file_ref idref="fl-161"/>
      </object_component>
      <object_component id="oc-219">
         <name>.text:_SlDrvDriverCBInit</name>
         <load_address>0x20008224</load_address>
         <run_address>0x20008224</run_address>
         <size>0x188</size>
         <input_file_ref idref="fl-161"/>
      </object_component>
      <object_component id="oc-63e">
         <name>.text:_SlFindAndSetActiveObj</name>
         <load_address>0x200083ac</load_address>
         <run_address>0x200083ac</run_address>
         <size>0x170</size>
         <input_file_ref idref="fl-161"/>
      </object_component>
      <object_component id="oc-21f">
         <name>.text:spi_Open</name>
         <load_address>0x2000851c</load_address>
         <run_address>0x2000851c</run_address>
         <size>0x144</size>
         <input_file_ref idref="fl-167"/>
      </object_component>
      <object_component id="oc-160">
         <name>.text:sl_Accept</name>
         <load_address>0x20008660</load_address>
         <run_address>0x20008660</run_address>
         <size>0x138</size>
         <input_file_ref idref="fl-165"/>
      </object_component>
      <object_component id="oc-519">
         <name>.text</name>
         <load_address>0x20008798</load_address>
         <run_address>0x20008798</run_address>
         <size>0x136</size>
         <input_file_ref idref="fl-144"/>
      </object_component>
      <object_component id="oc-185">
         <name>.text:PRCMCC3200MCUInit</name>
         <load_address>0x200088d0</load_address>
         <run_address>0x200088d0</run_address>
         <size>0x134</size>
         <input_file_ref idref="fl-15b"/>
      </object_component>
      <object_component id="oc-2e8">
         <name>.text:_SlDrvDataReadOp</name>
         <load_address>0x20008a04</load_address>
         <run_address>0x20008a04</run_address>
         <size>0x12c</size>
         <input_file_ref idref="fl-161"/>
      </object_component>
      <object_component id="oc-604">
         <name>.text</name>
         <load_address>0x20008b30</load_address>
         <run_address>0x20008b30</run_address>
         <size>0x110</size>
         <input_file_ref idref="fl-14f"/>
      </object_component>
      <object_component id="oc-287">
         <name>.text:_SlDrvDriverCBDeinit</name>
         <load_address>0x20008c40</load_address>
         <run_address>0x20008c40</run_address>
         <size>0x100</size>
         <input_file_ref idref="fl-161"/>
      </object_component>
      <object_component id="oc-6a2">
         <name>.text:_SlDrvNetAppEventHandler</name>
         <load_address>0x20008d40</load_address>
         <run_address>0x20008d40</run_address>
         <size>0xfe</size>
         <input_file_ref idref="fl-162"/>
      </object_component>
      <object_component id="oc-514">
         <name>.text</name>
         <load_address>0x20008e3e</load_address>
         <run_address>0x20008e3e</run_address>
         <size>0xfc</size>
         <input_file_ref idref="fl-145"/>
      </object_component>
      <object_component id="oc-638">
         <name>.text:spi_Read</name>
         <load_address>0x20008f3c</load_address>
         <run_address>0x20008f3c</run_address>
         <size>0xf0</size>
         <input_file_ref idref="fl-167"/>
      </object_component>
      <object_component id="oc-72b">
         <name>.text:uDMAChannelTransferSet</name>
         <load_address>0x2000902c</load_address>
         <run_address>0x2000902c</run_address>
         <size>0xf0</size>
         <input_file_ref idref="fl-169"/>
      </object_component>
      <object_component id="oc-632">
         <name>.text:_SlDrvClassifyRxMsg</name>
         <load_address>0x2000911c</load_address>
         <run_address>0x2000911c</run_address>
         <size>0xd8</size>
         <input_file_ref idref="fl-161"/>
      </object_component>
      <object_component id="oc-ea">
         <name>.text:sl_Stop</name>
         <load_address>0x200091f4</load_address>
         <run_address>0x200091f4</run_address>
         <size>0xd4</size>
         <input_file_ref idref="fl-160"/>
      </object_component>
      <object_component id="oc-6f5">
         <name>.text:_sl_HandleAsync_DnsGetHostByService</name>
         <load_address>0x200092c8</load_address>
         <run_address>0x200092c8</run_address>
         <size>0xc8</size>
         <input_file_ref idref="fl-162"/>
      </object_component>
      <object_component id="oc-496">
         <name>.text:_SlDrvMsgReadCmdCtx</name>
         <load_address>0x20009390</load_address>
         <run_address>0x20009390</run_address>
         <size>0xc0</size>
         <input_file_ref idref="fl-161"/>
      </object_component>
      <object_component id="oc-453">
         <name>.text:_SlRemoveFromList</name>
         <load_address>0x20009450</load_address>
         <run_address>0x20009450</run_address>
         <size>0xc0</size>
         <input_file_ref idref="fl-161"/>
      </object_component>
      <object_component id="oc-678">
         <name>.text</name>
         <load_address>0x20009510</load_address>
         <run_address>0x20009510</run_address>
         <size>0xbe</size>
         <input_file_ref idref="fl-157"/>
      </object_component>
      <object_component id="oc-d8">
         <name>.text:sl_Start</name>
         <load_address>0x200095d0</load_address>
         <run_address>0x200095d0</run_address>
         <size>0xbc</size>
         <input_file_ref idref="fl-160"/>
      </object_component>
      <object_component id="oc-5bb">
         <name>.text:_SlAsyncEventGenericHandler</name>
         <load_address>0x2000968c</load_address>
         <run_address>0x2000968c</run_address>
         <size>0xb8</size>
         <input_file_ref idref="fl-161"/>
      </object_component>
      <object_component id="oc-2b6">
         <name>.text:sl_NetAppMDNSRegisterUnregisterService</name>
         <load_address>0x20009744</load_address>
         <run_address>0x20009744</run_address>
         <size>0xb4</size>
         <input_file_ref idref="fl-162"/>
      </object_component>
      <object_component id="oc-438">
         <name>.text:IntDisable</name>
         <load_address>0x200097f8</load_address>
         <run_address>0x200097f8</run_address>
         <size>0xa8</size>
         <input_file_ref idref="fl-159"/>
      </object_component>
      <object_component id="oc-17f">
         <name>.text:IntEnable</name>
         <load_address>0x200098a0</load_address>
         <run_address>0x200098a0</run_address>
         <size>0xa8</size>
         <input_file_ref idref="fl-159"/>
      </object_component>
      <object_component id="oc-133">
         <name>.text:sl_NetCfgGet</name>
         <load_address>0x20009948</load_address>
         <run_address>0x20009948</run_address>
         <size>0xa8</size>
         <input_file_ref idref="fl-163"/>
      </object_component>
      <object_component id="oc-3d3">
         <name>.text:SPIConfigSetExpClk</name>
         <load_address>0x200099f0</load_address>
         <run_address>0x200099f0</run_address>
         <size>0xa0</size>
         <input_file_ref idref="fl-168"/>
      </object_component>
      <object_component id="oc-46c">
         <name>.text:_SlDrvMsgReadSpawnCtx</name>
         <load_address>0x20009a90</load_address>
         <run_address>0x20009a90</run_address>
         <size>0x9c</size>
         <input_file_ref idref="fl-161"/>
      </object_component>
      <object_component id="oc-36">
         <name>.text</name>
         <load_address>0x20009b2c</load_address>
         <run_address>0x20009b2c</run_address>
         <size>0x9c</size>
         <input_file_ref idref="fl-133"/>
      </object_component>
      <object_component id="oc-f0">
         <name>.text:sl_DevGet</name>
         <load_address>0x20009bc8</load_address>
         <run_address>0x20009bc8</run_address>
         <size>0x9c</size>
         <input_file_ref idref="fl-160"/>
      </object_component>
      <object_component id="oc-5c3">
         <name>.text:spi_Write</name>
         <load_address>0x20009c64</load_address>
         <run_address>0x20009c64</run_address>
         <size>0x98</size>
         <input_file_ref idref="fl-167"/>
      </object_component>
      <object_component id="oc-1d1">
         <name>.text:PRCMPeripheralClockGet</name>
         <load_address>0x20009cfc</load_address>
         <run_address>0x20009cfc</run_address>
         <size>0x94</size>
         <input_file_ref idref="fl-15b"/>
      </object_component>
      <object_component id="oc-6af">
         <name>.text:SetupDMAReceive</name>
         <load_address>0x20009d90</load_address>
         <run_address>0x20009d90</run_address>
         <size>0x8c</size>
         <input_file_ref idref="fl-167"/>
      </object_component>
      <object_component id="oc-649">
         <name>.text:SetupDMASend</name>
         <load_address>0x20009e1c</load_address>
         <run_address>0x20009e1c</run_address>
         <size>0x8c</size>
         <input_file_ref idref="fl-167"/>
      </object_component>
      <object_component id="oc-6ef">
         <name>.text:_sl_HandleAsync_DnsGetHostByName</name>
         <load_address>0x20009ea8</load_address>
         <run_address>0x20009ea8</run_address>
         <size>0x8c</size>
         <input_file_ref idref="fl-162"/>
      </object_component>
      <object_component id="oc-6a8">
         <name>.text:_sl_HandleAsync_PingResponse</name>
         <load_address>0x20009f34</load_address>
         <run_address>0x20009f34</run_address>
         <size>0x8c</size>
         <input_file_ref idref="fl-162"/>
      </object_component>
      <object_component id="oc-4ff">
         <name>.text:PinConfigSet</name>
         <load_address>0x20009fc0</load_address>
         <run_address>0x20009fc0</run_address>
         <size>0x88</size>
         <input_file_ref idref="fl-15a"/>
      </object_component>
      <object_component id="oc-1e3">
         <name>.text</name>
         <load_address>0x2000a048</load_address>
         <run_address>0x2000a048</run_address>
         <size>0x88</size>
         <input_file_ref idref="fl-13a"/>
      </object_component>
      <object_component id="oc-148">
         <name>.text:sl_Bind</name>
         <load_address>0x2000a0d0</load_address>
         <run_address>0x2000a0d0</run_address>
         <size>0x88</size>
         <input_file_ref idref="fl-165"/>
      </object_component>
      <object_component id="oc-50f">
         <name>.text:__aeabi_cdcmple</name>
         <load_address>0x2000a158</load_address>
         <run_address>0x2000a158</run_address>
         <size>0x86</size>
         <input_file_ref idref="fl-143"/>
      </object_component>
      <object_component id="oc-51e">
         <name>.text:__aeabi_cdrcmple</name>
         <load_address>0x2000a1de</load_address>
         <run_address>0x2000a1de</run_address>
         <size>0x86</size>
         <input_file_ref idref="fl-143"/>
      </object_component>
      <object_component id="oc-213">
         <name>.text:NwpPowerOnPreamble</name>
         <load_address>0x2000a264</load_address>
         <run_address>0x2000a264</run_address>
         <size>0x84</size>
         <input_file_ref idref="fl-167"/>
      </object_component>
      <object_component id="oc-2ef">
         <name>.text:GPIOIntTypeSet</name>
         <load_address>0x2000a2e8</load_address>
         <run_address>0x2000a2e8</run_address>
         <size>0x82</size>
         <input_file_ref idref="fl-158"/>
      </object_component>
      <object_component id="oc-271">
         <name>.text:_SlDrvCmdOp</name>
         <load_address>0x2000a36c</load_address>
         <run_address>0x2000a36c</run_address>
         <size>0x80</size>
         <input_file_ref idref="fl-161"/>
      </object_component>
      <object_component id="oc-6b5">
         <name>.text:spi_Read_CPU</name>
         <load_address>0x2000a3ec</load_address>
         <run_address>0x2000a3ec</run_address>
         <size>0x80</size>
         <input_file_ref idref="fl-167"/>
      </object_component>
      <object_component id="oc-65b">
         <name>.text:spi_Write_CPU</name>
         <load_address>0x2000a46c</load_address>
         <run_address>0x2000a46c</run_address>
         <size>0x80</size>
         <input_file_ref idref="fl-167"/>
      </object_component>
      <object_component id="oc-666">
         <name>.text:_sl_HandleAsync_InitComplete</name>
         <load_address>0x2000a4ec</load_address>
         <run_address>0x2000a4ec</run_address>
         <size>0x7c</size>
         <input_file_ref idref="fl-160"/>
      </object_component>
      <object_component id="oc-4f">
         <name>.text</name>
         <load_address>0x2000a568</load_address>
         <run_address>0x2000a568</run_address>
         <size>0x7a</size>
         <input_file_ref idref="fl-136"/>
      </object_component>
      <object_component id="oc-711">
         <name>.text:_sl_HandleAsync_Connect</name>
         <load_address>0x2000a5e4</load_address>
         <run_address>0x2000a5e4</run_address>
         <size>0x78</size>
         <input_file_ref idref="fl-165"/>
      </object_component>
      <object_component id="oc-281">
         <name>.text:spi_Close</name>
         <load_address>0x2000a65c</load_address>
         <run_address>0x2000a65c</run_address>
         <size>0x78</size>
         <input_file_ref idref="fl-167"/>
      </object_component>
      <object_component id="oc-1d7">
         <name>.text:UARTConfigSetExpClk</name>
         <load_address>0x2000a6d4</load_address>
         <run_address>0x2000a6d4</run_address>
         <size>0x76</size>
         <input_file_ref idref="fl-15c"/>
      </object_component>
      <object_component id="oc-167">
         <name>.text:sl_Recv</name>
         <load_address>0x2000a74c</load_address>
         <run_address>0x2000a74c</run_address>
         <size>0x74</size>
         <input_file_ref idref="fl-165"/>
      </object_component>
      <object_component id="oc-de">
         <name>.text:_SlNonOsMainLoopTask</name>
         <load_address>0x2000a7c0</load_address>
         <run_address>0x2000a7c0</run_address>
         <size>0x70</size>
         <input_file_ref idref="fl-164"/>
      </object_component>
      <object_component id="oc-74d">
         <name>.text:_SlDrvCmdSend</name>
         <load_address>0x2000a830</load_address>
         <run_address>0x2000a830</run_address>
         <size>0x6c</size>
         <input_file_ref idref="fl-161"/>
      </object_component>
      <object_component id="oc-61">
         <name>.text</name>
         <load_address>0x2000a89c</load_address>
         <run_address>0x2000a89c</run_address>
         <size>0x6c</size>
         <input_file_ref idref="fl-13f"/>
      </object_component>
      <object_component id="oc-42">
         <name>.text</name>
         <load_address>0x2000a908</load_address>
         <run_address>0x2000a908</run_address>
         <size>0x6a</size>
         <input_file_ref idref="fl-130"/>
      </object_component>
      <object_component id="oc-6fb">
         <name>.text:_sl_NetAppSendTokenValue</name>
         <load_address>0x2000a974</load_address>
         <run_address>0x2000a974</run_address>
         <size>0x68</size>
         <input_file_ref idref="fl-162"/>
      </object_component>
      <object_component id="oc-18e">
         <name>.text:sl_NetAppSet</name>
         <load_address>0x2000a9dc</load_address>
         <run_address>0x2000a9dc</run_address>
         <size>0x68</size>
         <input_file_ref idref="fl-162"/>
      </object_component>
      <object_component id="oc-108">
         <name>.text:sl_NetCfgSet</name>
         <load_address>0x2000aa44</load_address>
         <run_address>0x2000aa44</run_address>
         <size>0x68</size>
         <input_file_ref idref="fl-163"/>
      </object_component>
      <object_component id="oc-15a">
         <name>.text:sl_SetSockOpt</name>
         <load_address>0x2000aaac</load_address>
         <run_address>0x2000aaac</run_address>
         <size>0x68</size>
         <input_file_ref idref="fl-165"/>
      </object_component>
      <object_component id="oc-10e">
         <name>.text:sl_WlanSet</name>
         <load_address>0x2000ab14</load_address>
         <run_address>0x2000ab14</run_address>
         <size>0x68</size>
         <input_file_ref idref="fl-166"/>
      </object_component>
      <object_component id="oc-5fc">
         <name>.text</name>
         <load_address>0x2000ab7c</load_address>
         <run_address>0x2000ab7c</run_address>
         <size>0x66</size>
         <input_file_ref idref="fl-150"/>
      </object_component>
      <object_component id="oc-57d">
         <name>.text:uDMAChannelAttributeDisable</name>
         <load_address>0x2000abe4</load_address>
         <run_address>0x2000abe4</run_address>
         <size>0x64</size>
         <input_file_ref idref="fl-169"/>
      </object_component>
      <object_component id="oc-725">
         <name>.text:uDMAChannelAttributeEnable</name>
         <load_address>0x2000ac48</load_address>
         <run_address>0x2000ac48</run_address>
         <size>0x64</size>
         <input_file_ref idref="fl-169"/>
      </object_component>
      <object_component id="oc-70b">
         <name>.text:_sl_HandleAsync_Accept</name>
         <load_address>0x2000acac</load_address>
         <run_address>0x2000acac</run_address>
         <size>0x60</size>
         <input_file_ref idref="fl-165"/>
      </object_component>
      <object_component id="oc-f6">
         <name>.text:sl_WlanPolicySet</name>
         <load_address>0x2000ad0c</load_address>
         <run_address>0x2000ad0c</run_address>
         <size>0x60</size>
         <input_file_ref idref="fl-166"/>
      </object_component>
      <object_component id="oc-3b7">
         <name>.text:_SlNonOsSemGet</name>
         <load_address>0x2000ad6c</load_address>
         <run_address>0x2000ad6c</run_address>
         <size>0x5c</size>
         <input_file_ref idref="fl-164"/>
      </object_component>
      <object_component id="oc-466">
         <name>.text:_SlNonOsSpawn</name>
         <load_address>0x2000adc8</load_address>
         <run_address>0x2000adc8</run_address>
         <size>0x5c</size>
         <input_file_ref idref="fl-164"/>
      </object_component>
      <object_component id="oc-142">
         <name>.text:sl_Socket</name>
         <load_address>0x2000ae24</load_address>
         <run_address>0x2000ae24</run_address>
         <size>0x5c</size>
         <input_file_ref idref="fl-165"/>
      </object_component>
      <object_component id="oc-444">
         <name>.text:IntPendClear</name>
         <load_address>0x2000ae80</load_address>
         <run_address>0x2000ae80</run_address>
         <size>0x58</size>
         <input_file_ref idref="fl-159"/>
      </object_component>
      <object_component id="oc-345">
         <name>.text:PRCMPeripheralReset</name>
         <load_address>0x2000aed8</load_address>
         <run_address>0x2000aed8</run_address>
         <size>0x58</size>
         <input_file_ref idref="fl-15b"/>
      </object_component>
      <object_component id="oc-528">
         <name>.text</name>
         <load_address>0x2000af30</load_address>
         <run_address>0x2000af30</run_address>
         <size>0x56</size>
         <input_file_ref idref="fl-14a"/>
      </object_component>
      <object_component id="oc-2f5">
         <name>.text:IntPrioritySet</name>
         <load_address>0x2000af88</load_address>
         <run_address>0x2000af88</run_address>
         <size>0x54</size>
         <input_file_ref idref="fl-159"/>
      </object_component>
      <object_component id="oc-717">
         <name>.text:_sl_HandleAsync_Select</name>
         <load_address>0x2000afdc</load_address>
         <run_address>0x2000afdc</run_address>
         <size>0x54</size>
         <input_file_ref idref="fl-165"/>
      </object_component>
      <object_component id="oc-120">
         <name>.text:sl_WlanRxFilterSet</name>
         <load_address>0x2000b030</load_address>
         <run_address>0x2000b030</run_address>
         <size>0x54</size>
         <input_file_ref idref="fl-166"/>
      </object_component>
      <object_component id="oc-66c">
         <name>.text:_sl_HandleAsync_Stop</name>
         <load_address>0x2000b084</load_address>
         <run_address>0x2000b084</run_address>
         <size>0x50</size>
         <input_file_ref idref="fl-160"/>
      </object_component>
      <object_component id="oc-194">
         <name>.text</name>
         <load_address>0x2000b0d4</load_address>
         <run_address>0x2000b0d4</run_address>
         <size>0x50</size>
         <input_file_ref idref="fl-4"/>
      </object_component>
      <object_component id="oc-3fd">
         <name>.text:SPIIntEnable</name>
         <load_address>0x2000b124</load_address>
         <run_address>0x2000b124</run_address>
         <size>0x4c</size>
         <input_file_ref idref="fl-168"/>
      </object_component>
      <object_component id="oc-5cc">
         <name>.text:SPIIntNumberGet</name>
         <load_address>0x2000b170</load_address>
         <run_address>0x2000b170</run_address>
         <size>0x4c</size>
         <input_file_ref idref="fl-168"/>
      </object_component>
      <object_component id="oc-225">
         <name>.text:_SlDrvProtectAsyncRespSetting</name>
         <load_address>0x2000b1bc</load_address>
         <run_address>0x2000b1bc</run_address>
         <size>0x4c</size>
         <input_file_ref idref="fl-161"/>
      </object_component>
      <object_component id="oc-252">
         <name>.text:_SlDrvRxIrqHandler</name>
         <load_address>0x2000b208</load_address>
         <run_address>0x2000b208</run_address>
         <size>0x4c</size>
         <input_file_ref idref="fl-161"/>
      </object_component>
      <object_component id="oc-2dd">
         <name>.text:_sl_BuildAddress</name>
         <load_address>0x2000b254</load_address>
         <run_address>0x2000b254</run_address>
         <size>0x4c</size>
         <input_file_ref idref="fl-165"/>
      </object_component>
      <object_component id="oc-556">
         <name>.text</name>
         <load_address>0x2000b2a0</load_address>
         <run_address>0x2000b2a0</run_address>
         <size>0x4c</size>
         <input_file_ref idref="fl-13e"/>
      </object_component>
      <object_component id="oc-97">
         <name>.text</name>
         <load_address>0x2000b2ec</load_address>
         <run_address>0x2000b2ec</run_address>
         <size>0x4c</size>
         <input_file_ref idref="fl-140"/>
      </object_component>
      <object_component id="oc-577">
         <name>.text:uDMAChannelAssign</name>
         <load_address>0x2000b338</load_address>
         <run_address>0x2000b338</run_address>
         <size>0x4c</size>
         <input_file_ref idref="fl-169"/>
      </object_component>
      <object_component id="oc-4d9">
         <name>.text:GPIOGetIntNumber</name>
         <load_address>0x2000b384</load_address>
         <run_address>0x2000b384</run_address>
         <size>0x48</size>
         <input_file_ref idref="fl-158"/>
      </object_component>
      <object_component id="oc-594">
         <name>.text:SPIIntClear</name>
         <load_address>0x2000b3cc</load_address>
         <run_address>0x2000b3cc</run_address>
         <size>0x48</size>
         <input_file_ref idref="fl-168"/>
      </object_component>
      <object_component id="oc-2a4">
         <name>.text:_SlDrvBasicCmd</name>
         <load_address>0x2000b414</load_address>
         <run_address>0x2000b414</run_address>
         <size>0x48</size>
         <input_file_ref idref="fl-161"/>
      </object_component>
      <object_component id="oc-523">
         <name>.text</name>
         <load_address>0x2000b45c</load_address>
         <run_address>0x2000b45c</run_address>
         <size>0x48</size>
         <input_file_ref idref="fl-146"/>
      </object_component>
      <object_component id="oc-53e">
         <name>.text</name>
         <load_address>0x2000b4a4</load_address>
         <run_address>0x2000b4a4</run_address>
         <size>0x46</size>
         <input_file_ref idref="fl-149"/>
      </object_component>
      <object_component id="oc-588">
         <name>.text:SPIDmaMaskGet</name>
         <load_address>0x2000b4ec</load_address>
         <run_address>0x2000b4ec</run_address>
         <size>0x44</size>
         <input_file_ref idref="fl-168"/>
      </object_component>
      <object_component id="oc-6c2">
         <name>.text:cc_SetupTransfer</name>
         <load_address>0x2000b530</load_address>
         <run_address>0x2000b530</run_address>
         <size>0x44</size>
         <input_file_ref idref="fl-167"/>
      </object_component>
      <object_component id="oc-6d">
         <name>.text</name>
         <load_address>0x2000b574</load_address>
         <run_address>0x2000b574</run_address>
         <size>0x44</size>
         <input_file_ref idref="fl-132"/>
      </object_component>
      <object_component id="oc-4f9">
         <name>.text:PinModeSet</name>
         <load_address>0x2000b5b8</load_address>
         <run_address>0x2000b5b8</run_address>
         <size>0x40</size>
         <input_file_ref idref="fl-15a"/>
      </object_component>
      <object_component id="oc-73a">
         <name>.text</name>
         <load_address>0x2000b5f8</load_address>
         <run_address>0x2000b5f8</run_address>
         <size>0x40</size>
         <input_file_ref idref="fl-156"/>
      </object_component>
      <object_component id="oc-231">
         <name>.text:NwpRegisterInterruptHandler</name>
         <load_address>0x2000b638</load_address>
         <run_address>0x2000b638</run_address>
         <size>0x3e</size>
         <input_file_ref idref="fl-167"/>
      </object_component>
      <object_component id="oc-702">
         <name>.text:CopyPingResultsToReport</name>
         <load_address>0x2000b676</load_address>
         <run_address>0x2000b676</run_address>
         <size>0x3c</size>
         <input_file_ref idref="fl-162"/>
      </object_component>
      <object_component id="oc-33f">
         <name>.text:PRCMPeripheralClkEnable</name>
         <load_address>0x2000b6b4</load_address>
         <run_address>0x2000b6b4</run_address>
         <size>0x3c</size>
         <input_file_ref idref="fl-15b"/>
      </object_component>
      <object_component id="oc-24">
         <name>.text</name>
         <load_address>0x2000b6f0</load_address>
         <run_address>0x2000b6f0</run_address>
         <size>0x3c</size>
         <input_file_ref idref="fl-12e"/>
      </object_component>
      <object_component id="oc-13c">
         <name>.text:sl_Htons</name>
         <load_address>0x2000b72c</load_address>
         <run_address>0x2000b72c</run_address>
         <size>0x3c</size>
         <input_file_ref idref="fl-165"/>
      </object_component>
      <object_component id="oc-154">
         <name>.text:sl_Listen</name>
         <load_address>0x2000b768</load_address>
         <run_address>0x2000b768</run_address>
         <size>0x3c</size>
         <input_file_ref idref="fl-165"/>
      </object_component>
      <object_component id="oc-71f">
         <name>.text:uDMAChannelControlSet</name>
         <load_address>0x2000b7a4</load_address>
         <run_address>0x2000b7a4</run_address>
         <size>0x3c</size>
         <input_file_ref idref="fl-169"/>
      </object_component>
      <object_component id="oc-22b">
         <name>.text:NwpPowerOff</name>
         <load_address>0x2000b7e0</load_address>
         <run_address>0x2000b7e0</run_address>
         <size>0x38</size>
         <input_file_ref idref="fl-167"/>
      </object_component>
      <object_component id="oc-374">
         <name>.text:GPIODirModeSet</name>
         <load_address>0x2000b818</load_address>
         <run_address>0x2000b818</run_address>
         <size>0x36</size>
         <input_file_ref idref="fl-158"/>
      </object_component>
      <object_component id="oc-114">
         <name>.text:sl_NetAppMDNSUnRegisterService</name>
         <load_address>0x2000b84e</load_address>
         <run_address>0x2000b84e</run_address>
         <size>0x36</size>
         <input_file_ref idref="fl-162"/>
      </object_component>
      <object_component id="oc-3d9">
         <name>.text:PRCMPeripheralStatusGet</name>
         <load_address>0x2000b884</load_address>
         <run_address>0x2000b884</run_address>
         <size>0x34</size>
         <input_file_ref idref="fl-15b"/>
      </object_component>
      <object_component id="oc-3f1">
         <name>.text:SPIFIFOLevelSet</name>
         <load_address>0x2000b8b8</load_address>
         <run_address>0x2000b8b8</run_address>
         <size>0x34</size>
         <input_file_ref idref="fl-168"/>
      </object_component>
      <object_component id="oc-687">
         <name>.text</name>
         <load_address>0x2000b8ec</load_address>
         <run_address>0x2000b8ec</run_address>
         <size>0x34</size>
         <input_file_ref idref="fl-154"/>
      </object_component>
      <object_component id="oc-36e">
         <name>.text:PinTypeGPIO</name>
         <load_address>0x2000b920</load_address>
         <run_address>0x2000b920</run_address>
         <size>0x30</size>
         <input_file_ref idref="fl-15a"/>
      </object_component>
      <object_component id="oc-386">
         <name>.text:UARTDisable</name>
         <load_address>0x2000b950</load_address>
         <run_address>0x2000b950</run_address>
         <size>0x30</size>
         <input_file_ref idref="fl-15c"/>
      </object_component>
      <object_component id="oc-5d5">
         <name>.text:_SlDrvDeviceEventHandler</name>
         <load_address>0x2000b980</load_address>
         <run_address>0x2000b980</run_address>
         <size>0x30</size>
         <input_file_ref idref="fl-160"/>
      </object_component>
      <object_component id="oc-60a">
         <name>.text</name>
         <load_address>0x2000b9b0</load_address>
         <run_address>0x2000b9b0</run_address>
         <size>0x30</size>
         <input_file_ref idref="fl-151"/>
      </object_component>
      <object_component id="oc-14e">
         <name>.text:sl_Close</name>
         <load_address>0x2000b9e0</load_address>
         <run_address>0x2000b9e0</run_address>
         <size>0x30</size>
         <input_file_ref idref="fl-165"/>
      </object_component>
      <object_component id="oc-fc">
         <name>.text:sl_WlanProfileDel</name>
         <load_address>0x2000ba10</load_address>
         <run_address>0x2000ba10</run_address>
         <size>0x30</size>
         <input_file_ref idref="fl-166"/>
      </object_component>
      <object_component id="oc-e4">
         <name>.text:sl_WlanSetMode</name>
         <load_address>0x2000ba40</load_address>
         <run_address>0x2000ba40</run_address>
         <size>0x30</size>
         <input_file_ref idref="fl-166"/>
      </object_component>
      <object_component id="oc-52e">
         <name>.text</name>
         <load_address>0x2000ba70</load_address>
         <run_address>0x2000ba70</run_address>
         <size>0x2e</size>
         <input_file_ref idref="fl-148"/>
      </object_component>
      <object_component id="oc-6df">
         <name>.text</name>
         <load_address>0x2000ba9e</load_address>
         <run_address>0x2000ba9e</run_address>
         <size>0x2e</size>
         <input_file_ref idref="fl-155"/>
      </object_component>
      <object_component id="oc-237">
         <name>.text:NwpPowerOn</name>
         <load_address>0x2000bacc</load_address>
         <run_address>0x2000bacc</run_address>
         <size>0x2c</size>
         <input_file_ref idref="fl-167"/>
      </object_component>
      <object_component id="oc-351">
         <name>.text:PRCMSysResetCauseGet</name>
         <load_address>0x2000baf8</load_address>
         <run_address>0x2000baf8</run_address>
         <size>0x2c</size>
         <input_file_ref idref="fl-15b"/>
      </object_component>
      <object_component id="oc-54a">
         <name>.text</name>
         <load_address>0x2000bb24</load_address>
         <run_address>0x2000bb24</run_address>
         <size>0x2a</size>
         <input_file_ref idref="fl-14e"/>
      </object_component>
      <object_component id="oc-34b">
         <name>.text:PRCMPeripheralClkDisable</name>
         <load_address>0x2000bb50</load_address>
         <run_address>0x2000bb50</run_address>
         <size>0x28</size>
         <input_file_ref idref="fl-15b"/>
      </object_component>
      <object_component id="oc-40f">
         <name>.text:DmaSpiSwIntHandler</name>
         <load_address>0x2000bb78</load_address>
         <run_address>0x2000bb78</run_address>
         <size>0x24</size>
         <input_file_ref idref="fl-167"/>
      </object_component>
      <object_component id="oc-43e">
         <name>.text:IntUnregister</name>
         <load_address>0x2000bb9c</load_address>
         <run_address>0x2000bb9c</run_address>
         <size>0x24</size>
         <input_file_ref idref="fl-159"/>
      </object_component>
      <object_component id="oc-38c">
         <name>.text:UARTEnable</name>
         <load_address>0x2000bbc0</load_address>
         <run_address>0x2000bbc0</run_address>
         <size>0x24</size>
         <input_file_ref idref="fl-15c"/>
      </object_component>
      <object_component id="oc-424">
         <name>.text:_SlDrvProtectionObjLockWaitForever</name>
         <load_address>0x2000bbe4</load_address>
         <run_address>0x2000bbe4</run_address>
         <size>0x24</size>
         <input_file_ref idref="fl-161"/>
      </object_component>
      <object_component id="oc-1f5">
         <name>.text</name>
         <load_address>0x2000bc08</load_address>
         <run_address>0x2000bc08</run_address>
         <size>0x24</size>
         <input_file_ref idref="fl-134"/>
      </object_component>
      <object_component id="oc-3cd">
         <name>.text:SPIReset</name>
         <load_address>0x2000bc2c</load_address>
         <run_address>0x2000bc2c</run_address>
         <size>0x22</size>
         <input_file_ref idref="fl-168"/>
      </object_component>
      <object_component id="oc-655">
         <name>.text:SPIWordCountSet</name>
         <load_address>0x2000bc4e</load_address>
         <run_address>0x2000bc4e</run_address>
         <size>0x22</size>
         <input_file_ref idref="fl-168"/>
      </object_component>
      <object_component id="oc-538">
         <name>.text</name>
         <load_address>0x2000bc70</load_address>
         <run_address>0x2000bc70</run_address>
         <size>0x22</size>
         <input_file_ref idref="fl-147"/>
      </object_component>
      <object_component id="oc-30d">
         <name>.text:GPIOPinWrite</name>
         <load_address>0x2000bc92</load_address>
         <run_address>0x2000bc92</run_address>
         <size>0x20</size>
         <input_file_ref idref="fl-158"/>
      </object_component>
      <object_component id="oc-3f7">
         <name>.text:IntRegister</name>
         <load_address>0x2000bcb4</load_address>
         <run_address>0x2000bcb4</run_address>
         <size>0x20</size>
         <input_file_ref idref="fl-159"/>
      </object_component>
      <object_component id="oc-42a">
         <name>.text:_SlDrvProtectionObjUnLock</name>
         <load_address>0x2000bcd4</load_address>
         <run_address>0x2000bcd4</run_address>
         <size>0x20</size>
         <input_file_ref idref="fl-161"/>
      </object_component>
      <object_component id="oc-2fb">
         <name>.text:GPIOIntRegister</name>
         <load_address>0x2000bcf4</load_address>
         <run_address>0x2000bcf4</run_address>
         <size>0x1e</size>
         <input_file_ref idref="fl-158"/>
      </object_component>
      <object_component id="oc-1dd">
         <name>.text:UARTCharPut</name>
         <load_address>0x2000bd12</load_address>
         <run_address>0x2000bd12</run_address>
         <size>0x1e</size>
         <input_file_ref idref="fl-15c"/>
      </object_component>
      <object_component id="oc-48a">
         <name>.text:_SlDrvObjLockWaitForever</name>
         <load_address>0x2000bd30</load_address>
         <run_address>0x2000bd30</run_address>
         <size>0x1e</size>
         <input_file_ref idref="fl-161"/>
      </object_component>
      <object_component id="oc-23d">
         <name>.text:_SlDrvSyncObjWaitForever</name>
         <load_address>0x2000bd4e</load_address>
         <run_address>0x2000bd4e</run_address>
         <size>0x1e</size>
         <input_file_ref idref="fl-161"/>
      </object_component>
      <object_component id="oc-3df">
         <name>.text:cc_UDMAChannelSelect</name>
         <load_address>0x2000bd6c</load_address>
         <run_address>0x2000bd6c</run_address>
         <size>0x1e</size>
         <input_file_ref idref="fl-167"/>
      </object_component>
      <object_component id="oc-1ef">
         <name>.text:UARTCharGetNonBlocking</name>
         <load_address>0x2000bd8a</load_address>
         <run_address>0x2000bd8a</run_address>
         <size>0x1c</size>
         <input_file_ref idref="fl-15c"/>
      </object_component>
      <object_component id="oc-550">
         <name>.text</name>
         <load_address>0x2000bda6</load_address>
         <run_address>0x2000bda6</run_address>
         <size>0x1c</size>
         <input_file_ref idref="fl-14b"/>
      </object_component>
      <object_component id="oc-731">
         <name>.text:uDMAChannelEnable</name>
         <load_address>0x2000bdc4</load_address>
         <run_address>0x2000bdc4</run_address>
         <size>0x1c</size>
         <input_file_ref idref="fl-169"/>
      </object_component>
      <object_component id="oc-307">
         <name>.text:GPIOIntEnable</name>
         <load_address>0x2000bde0</load_address>
         <run_address>0x2000bde0</run_address>
         <size>0x1a</size>
         <input_file_ref idref="fl-158"/>
      </object_component>
      <object_component id="oc-368">
         <name>.text:PinTypeUART</name>
         <load_address>0x2000bdfa</load_address>
         <run_address>0x2000bdfa</run_address>
         <size>0x1a</size>
         <input_file_ref idref="fl-15a"/>
      </object_component>
      <object_component id="oc-4b3">
         <name>.text:SPIDmaDisable</name>
         <load_address>0x2000be14</load_address>
         <run_address>0x2000be14</run_address>
         <size>0x1a</size>
         <input_file_ref idref="fl-168"/>
      </object_component>
      <object_component id="oc-3eb">
         <name>.text:SPIDmaEnable</name>
         <load_address>0x2000be2e</load_address>
         <run_address>0x2000be2e</run_address>
         <size>0x1a</size>
         <input_file_ref idref="fl-168"/>
      </object_component>
      <object_component id="oc-4ad">
         <name>.text:SPIFIFODisable</name>
         <load_address>0x2000be48</load_address>
         <run_address>0x2000be48</run_address>
         <size>0x1a</size>
         <input_file_ref idref="fl-168"/>
      </object_component>
      <object_component id="oc-3e5">
         <name>.text:SPIFIFOEnable</name>
         <load_address>0x2000be62</load_address>
         <run_address>0x2000be62</run_address>
         <size>0x1a</size>
         <input_file_ref idref="fl-168"/>
      </object_component>
      <object_component id="oc-4a7">
         <name>.text:SPIIntUnregister</name>
         <load_address>0x2000be7c</load_address>
         <run_address>0x2000be7c</run_address>
         <size>0x1a</size>
         <input_file_ref idref="fl-168"/>
      </object_component>
      <object_component id="oc-49c">
         <name>.text:_SlDrvObjUnLock</name>
         <load_address>0x2000be96</load_address>
         <run_address>0x2000be96</run_address>
         <size>0x1a</size>
         <input_file_ref idref="fl-161"/>
      </object_component>
      <object_component id="oc-459">
         <name>.text:_SlDrvSyncObjSignal</name>
         <load_address>0x2000beb0</load_address>
         <run_address>0x2000beb0</run_address>
         <size>0x1a</size>
         <input_file_ref idref="fl-161"/>
      </object_component>
      <object_component id="oc-319">
         <name>.text:GPIOPinRead</name>
         <load_address>0x2000beca</load_address>
         <run_address>0x2000beca</run_address>
         <size>0x18</size>
         <input_file_ref idref="fl-158"/>
      </object_component>
      <object_component id="oc-3c1">
         <name>.text:SPICSDisable</name>
         <load_address>0x2000bee2</load_address>
         <run_address>0x2000bee2</run_address>
         <size>0x18</size>
         <input_file_ref idref="fl-168"/>
      </object_component>
      <object_component id="oc-64f">
         <name>.text:SPICSEnable</name>
         <load_address>0x2000befa</load_address>
         <run_address>0x2000befa</run_address>
         <size>0x18</size>
         <input_file_ref idref="fl-168"/>
      </object_component>
      <object_component id="oc-3c7">
         <name>.text:SPIDisable</name>
         <load_address>0x2000bf12</load_address>
         <run_address>0x2000bf12</run_address>
         <size>0x18</size>
         <input_file_ref idref="fl-168"/>
      </object_component>
      <object_component id="oc-403">
         <name>.text:SPIEnable</name>
         <load_address>0x2000bf2a</load_address>
         <run_address>0x2000bf2a</run_address>
         <size>0x18</size>
         <input_file_ref idref="fl-168"/>
      </object_component>
      <object_component id="oc-1e9">
         <name>.text:UARTCharsAvail</name>
         <load_address>0x2000bf42</load_address>
         <run_address>0x2000bf42</run_address>
         <size>0x18</size>
         <input_file_ref idref="fl-15c"/>
      </object_component>
      <object_component id="oc-3b1">
         <name>.text:_SlNonOsSemSet</name>
         <load_address>0x2000bf5a</load_address>
         <run_address>0x2000bf5a</run_address>
         <size>0x18</size>
         <input_file_ref idref="fl-164"/>
      </object_component>
      <object_component id="oc-249">
         <name>.text:_sl_GetStartResponseConvert</name>
         <load_address>0x2000bf74</load_address>
         <run_address>0x2000bf74</run_address>
         <size>0x18</size>
         <input_file_ref idref="fl-160"/>
      </object_component>
      <object_component id="oc-67">
         <name>.text</name>
         <load_address>0x2000bf8c</load_address>
         <run_address>0x2000bf8c</run_address>
         <size>0x18</size>
         <input_file_ref idref="fl-13d"/>
      </object_component>
      <object_component id="oc-333">
         <name>.text:PRCMHIBRegRead</name>
         <load_address>0x2000bfa4</load_address>
         <run_address>0x2000bfa4</run_address>
         <size>0x16</size>
         <input_file_ref idref="fl-15b"/>
      </object_component>
      <object_component id="oc-339">
         <name>.text:PRCMHIBRegWrite</name>
         <load_address>0x2000bfba</load_address>
         <run_address>0x2000bfba</run_address>
         <size>0x16</size>
         <input_file_ref idref="fl-15b"/>
      </object_component>
      <object_component id="oc-2c3">
         <name>.text:_SlDrvMemZero</name>
         <load_address>0x2000bfd0</load_address>
         <run_address>0x2000bfd0</run_address>
         <size>0x16</size>
         <input_file_ref idref="fl-161"/>
      </object_component>
      <object_component id="oc-544">
         <name>.text</name>
         <load_address>0x2000bfe6</load_address>
         <run_address>0x2000bfe6</run_address>
         <size>0x16</size>
         <input_file_ref idref="fl-14c"/>
      </object_component>
      <object_component id="oc-323">
         <name>.text:CPUcpsie</name>
         <load_address>0x2000bffc</load_address>
         <run_address>0x2000bffc</run_address>
         <size>0x14</size>
         <input_file_ref idref="fl-15e"/>
      </object_component>
      <object_component id="oc-301">
         <name>.text:GPIOIntClear</name>
         <load_address>0x2000c010</load_address>
         <run_address>0x2000c010</run_address>
         <size>0x14</size>
         <input_file_ref idref="fl-158"/>
      </object_component>
      <object_component id="oc-173">
         <name>.text:IntVTableBaseSet</name>
         <load_address>0x2000c024</load_address>
         <run_address>0x2000c024</run_address>
         <size>0x14</size>
         <input_file_ref idref="fl-159"/>
      </object_component>
      <object_component id="oc-1bc">
         <name>.text</name>
         <load_address>0x2000c038</load_address>
         <run_address>0x2000c038</run_address>
         <size>0x14</size>
         <input_file_ref idref="fl-13b"/>
      </object_component>
      <object_component id="oc-12d">
         <name>.text</name>
         <load_address>0x2000c04c</load_address>
         <run_address>0x2000c04c</run_address>
         <size>0x14</size>
         <input_file_ref idref="fl-139"/>
      </object_component>
      <object_component id="oc-296">
         <name>.text:_SlDrvResetCmdExt</name>
         <load_address>0x2000c060</load_address>
         <run_address>0x2000c060</run_address>
         <size>0xe</size>
         <input_file_ref idref="fl-161"/>
      </object_component>
      <object_component id="oc-12">
         <name>.text:decompress:none</name>
         <load_address>0x2000c06e</load_address>
         <run_address>0x2000c06e</run_address>
         <size>0xe</size>
         <input_file_ref idref="fl-12f"/>
      </object_component>
      <object_component id="oc-2d">
         <name>.text</name>
         <load_address>0x2000c07c</load_address>
         <run_address>0x2000c07c</run_address>
         <size>0xe</size>
         <input_file_ref idref="fl-5"/>
      </object_component>
      <object_component id="oc-431">
         <name>.text:NwpMaskInterrupt</name>
         <load_address>0x2000c08c</load_address>
         <run_address>0x2000c08c</run_address>
         <size>0xc</size>
         <input_file_ref idref="fl-167"/>
      </object_component>
      <object_component id="oc-44b">
         <name>.text:NwpUnMaskInterrupt</name>
         <load_address>0x2000c098</load_address>
         <run_address>0x2000c098</run_address>
         <size>0xc</size>
         <input_file_ref idref="fl-167"/>
      </object_component>
      <object_component id="oc-1e">
         <name>.text:decompress:ZI</name>
         <load_address>0x2000c0a4</load_address>
         <run_address>0x2000c0a4</run_address>
         <size>0xc</size>
         <input_file_ref idref="fl-131"/>
      </object_component>
      <object_component id="oc-102">
         <name>.text:sl_WlanDisconnect</name>
         <load_address>0x2000c0b0</load_address>
         <run_address>0x2000c0b0</run_address>
         <size>0xc</size>
         <input_file_ref idref="fl-166"/>
      </object_component>
      <object_component id="oc-179">
         <name>.text:IntMasterEnable</name>
         <load_address>0x2000c0bc</load_address>
         <run_address>0x2000c0bc</run_address>
         <size>0xa</size>
         <input_file_ref idref="fl-159"/>
      </object_component>
      <object_component id="oc-166">
         <name>.text:UtilsDelay</name>
         <load_address>0x2000c0c6</load_address>
         <run_address>0x2000c0c6</run_address>
         <size>0x6</size>
         <input_file_ref idref="fl-15d"/>
      </object_component>
      <object_component id="oc-18">
         <name>.text:decompress:rle24</name>
         <load_address>0x2000c0cc</load_address>
         <run_address>0x2000c0cc</run_address>
         <size>0x6</size>
         <input_file_ref idref="fl-130"/>
      </object_component>
      <object_component id="oc-5b">
         <name>.text</name>
         <load_address>0x2000c0d2</load_address>
         <run_address>0x2000c0d2</run_address>
         <size>0x4</size>
         <input_file_ref idref="fl-137"/>
      </object_component>
      <object_component id="oc-618">
         <name>.const:.string:_ctypes_</name>
         <load_address>0x2000c0d8</load_address>
         <run_address>0x2000c0d8</run_address>
         <size>0x101</size>
         <input_file_ref idref="fl-141"/>
      </object_component>
      <object_component id="oc-5ed">
         <name>.const:g_ulPinToPadMap</name>
         <load_address>0x2000c1dc</load_address>
         <run_address>0x2000c1dc</run_address>
         <size>0x100</size>
         <input_file_ref idref="fl-15a"/>
      </object_component>
      <object_component id="oc-4d5">
         <name>.const:g_pulRegs</name>
         <load_address>0x2000c2dc</load_address>
         <run_address>0x2000c2dc</run_address>
         <size>0xd4</size>
         <input_file_ref idref="fl-159"/>
      </object_component>
      <object_component id="oc-2c9">
         <name>.const:$P$T0$1</name>
         <load_address>0x2000c3b0</load_address>
         <run_address>0x2000c3b0</run_address>
         <size>0xb0</size>
         <input_file_ref idref="fl-166"/>
      </object_component>
      <object_component id="oc-4ef">
         <name>.const:PRCM_PeriphRegsList</name>
         <load_address>0x2000c460</load_address>
         <run_address>0x2000c460</run_address>
         <size>0xa8</size>
         <input_file_ref idref="fl-15b"/>
      </object_component>
      <object_component id="oc-32f">
         <name>.const</name>
         <load_address>0x2000c508</load_address>
         <run_address>0x2000c508</run_address>
         <size>0x80</size>
         <input_file_ref idref="fl-159"/>
      </object_component>
      <object_component id="oc-139">
         <name>.const:.string</name>
         <load_address>0x2000c588</load_address>
         <run_address>0x2000c588</run_address>
         <size>0x55</size>
         <input_file_ref idref="fl-3"/>
      </object_component>
      <object_component id="oc-645">
         <name>.const:OpcodeTranslateTable</name>
         <load_address>0x2000c5de</load_address>
         <run_address>0x2000c5de</run_address>
         <size>0x3c</size>
         <input_file_ref idref="fl-161"/>
      </object_component>
      <object_component id="oc-277">
         <name>.const</name>
         <load_address>0x2000c61a</load_address>
         <run_address>0x2000c61a</run_address>
         <size>0x3c</size>
         <input_file_ref idref="fl-166"/>
      </object_component>
      <object_component id="oc-6bc">
         <name>.const:_SlActionLookupTable</name>
         <load_address>0x2000c658</load_address>
         <run_address>0x2000c658</run_address>
         <size>0x38</size>
         <input_file_ref idref="fl-161"/>
      </object_component>
      <object_component id="oc-4be">
         <name>.const</name>
         <load_address>0x2000c690</load_address>
         <run_address>0x2000c690</run_address>
         <size>0x34</size>
         <input_file_ref idref="fl-161"/>
      </object_component>
      <object_component id="oc-2d4">
         <name>.const</name>
         <load_address>0x2000c6c4</load_address>
         <run_address>0x2000c6c4</run_address>
         <size>0x34</size>
         <input_file_ref idref="fl-165"/>
      </object_component>
      <object_component id="oc-11d">
         <name>.const</name>
         <load_address>0x2000c6f8</load_address>
         <run_address>0x2000c6f8</run_address>
         <size>0x30</size>
         <input_file_ref idref="fl-3"/>
      </object_component>
      <object_component id="oc-11a">
         <name>.const:$P$T1$2</name>
         <load_address>0x2000c728</load_address>
         <run_address>0x2000c728</run_address>
         <size>0x2c</size>
         <input_file_ref idref="fl-3"/>
      </object_component>
      <object_component id="oc-35f">
         <name>.const</name>
         <load_address>0x2000c754</load_address>
         <run_address>0x2000c754</run_address>
         <size>0x28</size>
         <input_file_ref idref="fl-162"/>
      </object_component>
      <object_component id="oc-662">
         <name>.const:g_ppulSPIIntMap</name>
         <load_address>0x2000c77c</load_address>
         <run_address>0x2000c77c</run_address>
         <size>0x24</size>
         <input_file_ref idref="fl-168"/>
      </object_component>
      <object_component id="oc-126">
         <name>.const:.string:$P$T0$1</name>
         <load_address>0x2000c7a0</load_address>
         <run_address>0x2000c7a0</run_address>
         <size>0x22</size>
         <input_file_ref idref="fl-3"/>
      </object_component>
      <object_component id="oc-626">
         <name>.const</name>
         <load_address>0x2000c7c4</load_address>
         <run_address>0x2000c7c4</run_address>
         <size>0x18</size>
         <input_file_ref idref="fl-168"/>
      </object_component>
      <object_component id="oc-28d">
         <name>.const</name>
         <load_address>0x2000c7dc</load_address>
         <run_address>0x2000c7dc</run_address>
         <size>0x14</size>
         <input_file_ref idref="fl-160"/>
      </object_component>
      <object_component id="oc-460">
         <name>.const:.string</name>
         <load_address>0x2000c7f0</load_address>
         <run_address>0x2000c7f0</run_address>
         <size>0x8</size>
         <input_file_ref idref="fl-160"/>
      </object_component>
      <object_component id="oc-2ab">
         <name>.const</name>
         <load_address>0x2000c7f8</load_address>
         <run_address>0x2000c7f8</run_address>
         <size>0x8</size>
         <input_file_ref idref="fl-163"/>
      </object_component>
      <object_component id="oc-79a">
         <name>.cinit..data.load</name>
         <load_address>0x2000c800</load_address>
         <run_address>0x2000c800</run_address>
         <size>0x64</size>
      </object_component>
      <object_component id="oc-798">
         <name>__TI_handler_table</name>
         <load_address>0x2000c864</load_address>
         <run_address>0x2000c864</run_address>
         <size>0xc</size>
      </object_component>
      <object_component id="oc-79b">
         <name>.cinit..bss.load</name>
         <load_address>0x2000c870</load_address>
         <run_address>0x2000c870</run_address>
         <size>0x8</size>
      </object_component>
      <object_component id="oc-799">
         <name>__TI_cinit_table</name>
         <load_address>0x2000c878</load_address>
         <run_address>0x2000c878</run_address>
         <size>0x10</size>
      </object_component>
      <object_component id="oc-2a">
         <name>.sysmem</name>
         <uninitialized>true</uninitialized>
         <run_address>0x20017000</run_address>
         <size>0x8</size>
         <input_file_ref idref="fl-135"/>
      </object_component>
      <object_component id="oc-79d">
         <name>.sysmem</name>
         <uninitialized>true</uninitialized>
         <run_address>0x20017000</run_address>
         <size>0x0</size>
      </object_component>
      <object_component id="oc-29">
         <name>.stack</name>
         <uninitialized>true</uninitialized>
         <run_address>0x2002f800</run_address>
         <size>0x0</size>
         <input_file_ref idref="fl-12e"/>
      </object_component>
      <object_component id="oc-79c">
         <name>.stack</name>
         <uninitialized>true</uninitialized>
         <run_address>0x2002f800</run_address>
         <size>0x0</size>
      </object_component>
      <object_component id="oc-18b">
         <name>.bss:uBuf</name>
         <uninitialized>true</uninitialized>
         <run_address>0x20017800</run_address>
         <size>0x578</size>
         <input_file_ref idref="fl-3"/>
      </object_component>
      <object_component id="oc-d2">
         <name>.bss:g_p2p_dev</name>
         <uninitialized>true</uninitialized>
         <run_address>0x20017f58</run_address>
         <size>0x24</size>
         <input_file_ref idref="fl-3"/>
      </object_component>
      <object_component id="oc-3bd">
         <name>.bss:g_StatMem</name>
         <uninitialized>true</uninitialized>
         <run_address>0x20017d78</run_address>
         <size>0x168</size>
         <input_file_ref idref="fl-161"/>
      </object_component>
      <object_component id="oc-264">
         <name>.bss:g__SlNonOsCB</name>
         <uninitialized>true</uninitialized>
         <run_address>0x20017f30</run_address>
         <size>0x28</size>
         <input_file_ref idref="fl-164"/>
      </object_component>
      <object_component id="oc-40c">
         <name>.bss:g_ucDinDout</name>
         <uninitialized>true</uninitialized>
         <run_address>0x20017ee0</run_address>
         <size>0x50</size>
         <input_file_ref idref="fl-167"/>
      </object_component>
      <object_component id="oc-316">
         <name>.common:g_ucLED1Pin</name>
         <uninitialized>true</uninitialized>
         <run_address>0x20017f82</run_address>
         <size>0x1</size>
      </object_component>
      <object_component id="oc-31f">
         <name>.common:g_ucLED2Pin</name>
         <uninitialized>true</uninitialized>
         <run_address>0x20017f83</run_address>
         <size>0x1</size>
      </object_component>
      <object_component id="oc-320">
         <name>.common:g_ucLED3Pin</name>
         <uninitialized>true</uninitialized>
         <run_address>0x20017f84</run_address>
         <size>0x1</size>
      </object_component>
      <object_component id="oc-201">
         <name>.common:__Errorlog</name>
         <uninitialized>true</uninitialized>
         <run_address>0x20017f7c</run_address>
         <size>0x4</size>
      </object_component>
      <object_component id="oc-267">
         <name>.common:RxIrqCnt</name>
         <uninitialized>true</uninitialized>
         <run_address>0x20017f80</run_address>
         <size>0x1</size>
      </object_component>
      <object_component id="oc-415">
         <name>.common:g_cDummy</name>
         <uninitialized>true</uninitialized>
         <run_address>0x20017f81</run_address>
         <size>0x1</size>
      </object_component>
      <object_component id="oc-313">
         <name>.data</name>
         <load_address>0x200180b8</load_address>
         <run_address>0x200180b8</run_address>
         <size>0x20</size>
         <input_file_ref idref="fl-2"/>
      </object_component>
      <object_component id="oc-d5">
         <name>.data</name>
         <load_address>0x200180d8</load_address>
         <run_address>0x200180d8</run_address>
         <size>0xc</size>
         <input_file_ref idref="fl-3"/>
      </object_component>
      <object_component id="oc-aa">
         <name>.data</name>
         <load_address>0x20018110</load_address>
         <run_address>0x20018110</run_address>
         <size>0x8</size>
[...]
         <value>0x2000beb1</value>
         <object_component_ref idref="oc-459"/>
      </symbol>
      <symbol id="sm-c51">
         <name>g_H2NCnysPattern</name>
         <value>0x2000c698</value>
         <object_component_ref idref="oc-4be"/>
      </symbol>
      <symbol id="sm-c52">
         <name>_SlDrvMsgWrite</name>
         <value>0x20007d11</value>
         <object_component_ref idref="oc-490"/>
      </symbol>
      <symbol id="sm-c53">
         <name>_SlDrvDataReadOp</name>
         <value>0x20008a05</value>
         <object_component_ref idref="oc-2e8"/>
      </symbol>
      <symbol id="sm-c54">
         <name>_SlDrvRxIrqHandler</name>
         <value>0x2000b209</value>
         <object_component_ref idref="oc-252"/>
      </symbol>
      <symbol id="sm-c55">
         <name>_SlDrvMsgRead</name>
         <value>0x200064dd</value>
         <object_component_ref idref="oc-5b5"/>
      </symbol>
      <symbol id="sm-c56">
         <name>_SlDrvSyncObjWaitForever</name>
         <value>0x2000bd4f</value>
         <object_component_ref idref="oc-23d"/>
      </symbol>
      <symbol id="sm-c57">
         <name>g_H2NSyncPattern</name>
         <value>0x2000c690</value>
         <object_component_ref idref="oc-4be"/>
      </symbol>
      <symbol id="sm-c58">
         <name>_SlDrvCmdSend</name>
         <value>0x2000a831</value>
         <object_component_ref idref="oc-74d"/>
      </symbol>
      <symbol id="sm-c59">
         <name>_SlActionLookupTable</name>
         <value>0x2000c658</value>
         <object_component_ref idref="oc-6bc"/>
      </symbol>
      <symbol id="sm-ce3">
         <name>sl_NetAppMDNSUnRegisterService</name>
         <value>0x2000b84f</value>
         <object_component_ref idref="oc-114"/>
      </symbol>
      <symbol id="sm-ce4">
         <name>sl_NetAppSet</name>
         <value>0x2000a9dd</value>
         <object_component_ref idref="oc-18e"/>
      </symbol>
      <symbol id="sm-ce5">
         <name>_SlNetAppSendTokenValueCmdCtrl</name>
         <value>0x2000c770</value>
         <object_component_ref idref="oc-35f"/>
      </symbol>
      <symbol id="sm-ce6">
         <name>_SlGetServiceListeCtrl</name>
         <value>0x2000c75c</value>
         <object_component_ref idref="oc-35f"/>
      </symbol>
      <symbol id="sm-ce7">
         <name>_SlNetAppStopCtrl</name>
         <value>0x2000c758</value>
         <object_component_ref idref="oc-35f"/>
      </symbol>
      <symbol id="sm-ce8">
         <name>_SlNetAppSetCmdCtrl</name>
         <value>0x2000c76c</value>
         <object_component_ref idref="oc-35f"/>
      </symbol>
      <symbol id="sm-ce9">
         <name>_SlNetAppGetCmdCtrl</name>
         <value>0x2000c774</value>
         <object_component_ref idref="oc-35f"/>
      </symbol>
      <symbol id="sm-cea">
         <name>_sl_HandleAsync_DnsGetHostByName</name>
         <value>0x20009ea9</value>
         <object_component_ref idref="oc-6ef"/>
      </symbol>
      <symbol id="sm-ceb">
         <name>_SlRegisterServiceCtrl</name>
         <value>0x2000c760</value>
         <object_component_ref idref="oc-35f"/>
      </symbol>
      <symbol id="sm-cec">
         <name>_sl_HandleAsync_PingResponse</name>
         <value>0x20009f35</value>
         <object_component_ref idref="oc-6a8"/>
      </symbol>
      <symbol id="sm-ced">
         <name>_SlNetAppStartCtrl</name>
         <value>0x2000c754</value>
         <object_component_ref idref="oc-35f"/>
      </symbol>
      <symbol id="sm-cee">
         <name>_SlDrvNetAppEventHandler</name>
         <value>0x20008d41</value>
         <object_component_ref idref="oc-6a2"/>
      </symbol>
      <symbol id="sm-cef">
         <name>_sl_HandleAsync_DnsGetHostByService</name>
         <value>0x200092c9</value>
         <object_component_ref idref="oc-6f5"/>
      </symbol>
      <symbol id="sm-cf0">
         <name>_sl_NetAppSendTokenValue</name>
         <value>0x2000a975</value>
         <object_component_ref idref="oc-6fb"/>
      </symbol>
      <symbol id="sm-cf1">
         <name>CopyPingResultsToReport</name>
         <value>0x2000b677</value>
         <object_component_ref idref="oc-702"/>
      </symbol>
      <symbol id="sm-cf2">
         <name>_SlGetHostByNameCtrl</name>
         <value>0x2000c768</value>
         <object_component_ref idref="oc-35f"/>
      </symbol>
      <symbol id="sm-cf3">
         <name>_SlGetHostByServiceCtrl</name>
         <value>0x2000c764</value>
         <object_component_ref idref="oc-35f"/>
      </symbol>
      <symbol id="sm-cf4">
         <name>sl_NetAppMDNSRegisterUnregisterService</name>
         <value>0x20009745</value>
         <object_component_ref idref="oc-2b6"/>
      </symbol>
      <symbol id="sm-d24">
         <name>_SlNetCfgSetCmdCtrl</name>
         <value>0x2000c7f8</value>
         <object_component_ref idref="oc-2ab"/>
      </symbol>
      <symbol id="sm-d25">
         <name>_SlNetCfgGetCmdCtrl</name>
         <value>0x2000c7fc</value>
         <object_component_ref idref="oc-2ab"/>
      </symbol>
      <symbol id="sm-d26">
         <name>sl_NetCfgGet</name>
         <value>0x20009949</value>
         <object_component_ref idref="oc-133"/>
      </symbol>
      <symbol id="sm-d27">
         <name>sl_NetCfgSet</name>
         <value>0x2000aa45</value>
         <object_component_ref idref="oc-108"/>
      </symbol>
      <symbol id="sm-d69">
         <name>_SlNonOsSemSet</name>
         <value>0x2000bf5b</value>
         <object_component_ref idref="oc-3b1"/>
      </symbol>
      <symbol id="sm-d6a">
         <name>_SlNonOsSpawn</name>
         <value>0x2000adc9</value>
         <object_component_ref idref="oc-466"/>
      </symbol>
      <symbol id="sm-d6b">
         <name>_SlNonOsSemGet</name>
         <value>0x2000ad6d</value>
         <object_component_ref idref="oc-3b7"/>
      </symbol>
      <symbol id="sm-d6c">
         <name>_SlNonOsMainLoopTask</name>
         <value>0x2000a7c1</value>
         <object_component_ref idref="oc-de"/>
      </symbol>
      <symbol id="sm-d6d">
         <name>g__SlNonOsCB</name>
         <value>0x20017f30</value>
         <object_component_ref idref="oc-264"/>
      </symbol>
      <symbol id="sm-e2c">
         <name>sl_Accept</name>
         <value>0x20008661</value>
         <object_component_ref idref="oc-160"/>
      </symbol>
      <symbol id="sm-e2d">
         <name>sl_Recv</name>
         <value>0x2000a74d</value>
         <object_component_ref idref="oc-167"/>
      </symbol>
      <symbol id="sm-e2e">
         <name>_SlSockCloseCmdCtrl</name>
         <value>0x2000c6c8</value>
         <object_component_ref idref="oc-2d4"/>
      </symbol>
      <symbol id="sm-e2f">
         <name>_SlSendCmdCtrl</name>
         <value>0x2000c6d0</value>
         <object_component_ref idref="oc-2d4"/>
      </symbol>
      <symbol id="sm-e30">
         <name>_sl_BuildAddress</name>
         <value>0x2000b255</value>
         <object_component_ref idref="oc-2dd"/>
      </symbol>
      <symbol id="sm-e31">
         <name>_sl_HandleAsync_Connect</name>
         <value>0x2000a5e5</value>
         <object_component_ref idref="oc-711"/>
      </symbol>
      <symbol id="sm-e32">
         <name>sl_Htons</name>
         <value>0x2000b72d</value>
         <object_component_ref idref="oc-13c"/>
      </symbol>
      <symbol id="sm-e33">
         <name>_SlSelectCmdCtrl</name>
         <value>0x2000c6e8</value>
         <object_component_ref idref="oc-2d4"/>
      </symbol>
      <symbol id="sm-e34">
         <name>sl_Socket</name>
         <value>0x2000ae25</value>
         <object_component_ref idref="oc-142"/>
      </symbol>
      <symbol id="sm-e35">
         <name>_sl_HandleAsync_Select</name>
         <value>0x2000afdd</value>
         <object_component_ref idref="oc-717"/>
      </symbol>
      <symbol id="sm-e36">
         <name>_SlSockSocketCmdCtrl</name>
         <value>0x2000c6c4</value>
         <object_component_ref idref="oc-2d4"/>
      </symbol>
      <symbol id="sm-e37">
         <name>_SlRecvfomCmdCtrl</name>
         <value>0x2000c6cc</value>
         <object_component_ref idref="oc-2d4"/>
      </symbol>
      <symbol id="sm-e38">
         <name>_SlSetSockOptCmdCtrl</name>
         <value>0x2000c6e0</value>
         <object_component_ref idref="oc-2d4"/>
      </symbol>
      <symbol id="sm-e39">
         <name>_SlAcceptCmdCtrl</name>
         <value>0x2000c6d8</value>
         <object_component_ref idref="oc-2d4"/>
      </symbol>
      <symbol id="sm-e3a">
         <name>_SlListenCmdCtrl</name>
         <value>0x2000c6d4</value>
         <object_component_ref idref="oc-2d4"/>
      </symbol>
      <symbol id="sm-e3b">
         <name>_SlRecvCmdCtrl</name>
         <value>0x2000c6dc</value>
         <object_component_ref idref="oc-2d4"/>
      </symbol>
      <symbol id="sm-e3c">
         <name>_SlGetSockOptCmdCtrl</name>
         <value>0x2000c6e4</value>
         <object_component_ref idref="oc-2d4"/>
      </symbol>
      <symbol id="sm-e3d">
         <name>sl_Close</name>
         <value>0x2000b9e1</value>
         <object_component_ref idref="oc-14e"/>
      </symbol>
      <symbol id="sm-e3e">
         <name>_sl_HandleAsync_Accept</name>
         <value>0x2000acad</value>
         <object_component_ref idref="oc-70b"/>
      </symbol>
      <symbol id="sm-e3f">
         <name>sl_SetSockOpt</name>
         <value>0x2000aaad</value>
         <object_component_ref idref="oc-15a"/>
      </symbol>
      <symbol id="sm-e40">
         <name>sl_Listen</name>
         <value>0x2000b769</value>
         <object_component_ref idref="oc-154"/>
      </symbol>
      <symbol id="sm-e41">
         <name>sl_Bind</name>
         <value>0x2000a0d1</value>
         <object_component_ref idref="oc-148"/>
      </symbol>
      <symbol id="sm-ecf">
         <name>sl_WlanDisconnect</name>
         <value>0x2000c0b1</value>
         <object_component_ref idref="oc-102"/>
      </symbol>
      <symbol id="sm-ed0">
         <name>_SlPolicyGetCmdCtrl</name>
         <value>0x2000c61e</value>
         <object_component_ref idref="oc-277"/>
      </symbol>
      <symbol id="sm-ed1">
         <name>_SlPolicySetCmdCtrl</name>
         <value>0x2000c61a</value>
         <object_component_ref idref="oc-277"/>
      </symbol>
      <symbol id="sm-ed2">
         <name>_SlRxFilterGetCmdCtrl</name>
         <value>0x2000c636</value>
         <object_component_ref idref="oc-277"/>
      </symbol>
      <symbol id="sm-ed3">
         <name>_SlRxFilterSetCmdCtrl</name>
         <value>0x2000c632</value>
         <object_component_ref idref="oc-277"/>
      </symbol>
      <symbol id="sm-ed4">
         <name>_SlProfileGetCmdCtrl</name>
         <value>0x2000c622</value>
         <object_component_ref idref="oc-277"/>
      </symbol>
      <symbol id="sm-ed5">
         <name>_SlWlanGetNetworkListCtrl</name>
         <value>0x2000c62a</value>
         <object_component_ref idref="oc-277"/>
      </symbol>
      <symbol id="sm-ed6">
         <name>sl_WlanPolicySet</name>
         <value>0x2000ad0d</value>
         <object_component_ref idref="oc-f6"/>
      </symbol>
      <symbol id="sm-ed7">
         <name>_SlProfileDelCmdCtrl</name>
         <value>0x2000c626</value>
         <object_component_ref idref="oc-277"/>
      </symbol>
      <symbol id="sm-ed8">
         <name>_SlWlanSetModeCmdCtrl</name>
         <value>0x2000c63e</value>
         <object_component_ref idref="oc-277"/>
      </symbol>
      <symbol id="sm-ed9">
         <name>_SlWlanCfgSetCmdCtrl</name>
         <value>0x2000c642</value>
         <object_component_ref idref="oc-277"/>
      </symbol>
      <symbol id="sm-eda">
         <name>_SlWlanCfgGetCmdCtrl</name>
         <value>0x2000c646</value>
         <object_component_ref idref="oc-277"/>
      </symbol>
      <symbol id="sm-edb">
         <name>sl_WlanProfileDel</name>
         <value>0x2000ba11</value>
         <object_component_ref idref="oc-fc"/>
      </symbol>
      <symbol id="sm-edc">
         <name>_SlRxFilterAddtCmdCtrl</name>
         <value>0x2000c62e</value>
         <object_component_ref idref="oc-277"/>
      </symbol>
      <symbol id="sm-edd">
         <name>sl_WlanRxFilterSet</name>
         <value>0x2000b031</value>
         <object_component_ref idref="oc-120"/>
      </symbol>
      <symbol id="sm-ede">
         <name>sl_WlanConnect</name>
         <value>0x20007709</value>
         <object_component_ref idref="oc-127"/>
      </symbol>
      <symbol id="sm-edf">
         <name>sl_WlanSet</name>
         <value>0x2000ab15</value>
         <object_component_ref idref="oc-10e"/>
      </symbol>
      <symbol id="sm-ee0">
         <name>_SlSmartConfigStartCmdCtrl</name>
         <value>0x2000c63a</value>
         <object_component_ref idref="oc-277"/>
      </symbol>
      <symbol id="sm-ee1">
         <name>sl_WlanSetMode</name>
         <value>0x2000ba41</value>
         <object_component_ref idref="oc-e4"/>
      </symbol>
      <symbol id="sm-ff8">
         <name>g_cDummy</name>
         <value>0x20017f81</value>
      </symbol>
      <symbol id="sm-ff9">
         <name>NwpMaskInterrupt</name>
         <value>0x2000c08d</value>
         <object_component_ref idref="oc-431"/>
      </symbol>
      <symbol id="sm-ffa">
         <name>NwpRegisterInterruptHandler</name>
         <value>0x2000b639</value>
         <object_component_ref idref="oc-231"/>
      </symbol>
      <symbol id="sm-ffb">
         <name>NwpPowerOnPreamble</name>
         <value>0x2000a265</value>
         <object_component_ref idref="oc-213"/>
      </symbol>
      <symbol id="sm-ffc">
         <name>g_pHostIntHdl</name>
         <value>0x200180f4</value>
         <object_component_ref idref="oc-409"/>
      </symbol>
      <symbol id="sm-ffd">
         <name>NwpUnMaskInterrupt</name>
         <value>0x2000c099</value>
         <object_component_ref idref="oc-44b"/>
      </symbol>
      <symbol id="sm-ffe">
         <name>g_ucDinDout</name>
         <value>0x20017ee0</value>
         <object_component_ref idref="oc-40c"/>
      </symbol>
      <symbol id="sm-fff">
         <name>NwpPowerOff</name>
         <value>0x2000b7e1</value>
         <object_component_ref idref="oc-22b"/>
      </symbol>
      <symbol id="sm-1000">
         <name>spi_Read</name>
         <value>0x20008f3d</value>
         <object_component_ref idref="oc-638"/>
      </symbol>
      <symbol id="sm-1001">
         <name>DmaSpiSwIntHandler</name>
         <value>0x2000bb79</value>
         <object_component_ref idref="oc-40f"/>
      </symbol>
      <symbol id="sm-1002">
         <name>NwpPowerOn</name>
         <value>0x2000bacd</value>
         <object_component_ref idref="oc-237"/>
      </symbol>
      <symbol id="sm-1003">
         <name>spi_Close</name>
         <value>0x2000a65d</value>
         <object_component_ref idref="oc-281"/>
      </symbol>
      <symbol id="sm-1004">
         <name>spi_Write</name>
         <value>0x20009c65</value>
         <object_component_ref idref="oc-5c3"/>
      </symbol>
      <symbol id="sm-1005">
         <name>spi_Open</name>
         <value>0x2000851d</value>
         <object_component_ref idref="oc-21f"/>
      </symbol>
      <symbol id="sm-1006">
         <name>g_ucDMAEnabled</name>
         <value>0x200180f8</value>
         <object_component_ref idref="oc-409"/>
      </symbol>
      <symbol id="sm-1007">
         <name>g_SpiFd</name>
         <value>0x200180f0</value>
         <object_component_ref idref="oc-409"/>
      </symbol>
      <symbol id="sm-10c2">
         <name>SPIFIFODisable</name>
         <value>0x2000be49</value>
         <object_component_ref idref="oc-4ad"/>
      </symbol>
      <symbol id="sm-10c3">
         <name>SPICSEnable</name>
         <value>0x2000befb</value>
         <object_component_ref idref="oc-64f"/>
      </symbol>
      <symbol id="sm-10c4">
         <name>SPIDisable</name>
         <value>0x2000bf13</value>
         <object_component_ref idref="oc-3c7"/>
      </symbol>
      <symbol id="sm-10c5">
         <name>SPIFIFOEnable</name>
         <value>0x2000be63</value>
         <object_component_ref idref="oc-3e5"/>
      </symbol>
      <symbol id="sm-10c6">
         <name>SPIWordCountSet</name>
         <value>0x2000bc4f</value>
         <object_component_ref idref="oc-655"/>
      </symbol>
      <symbol id="sm-10c7">
         <name>SPIEnable</name>
         <value>0x2000bf2b</value>
         <object_component_ref idref="oc-403"/>
      </symbol>
      <symbol id="sm-10c8">
         <name>SPIDmaEnable</name>
         <value>0x2000be2f</value>
         <object_component_ref idref="oc-3eb"/>
      </symbol>
      <symbol id="sm-10c9">
         <name>SPIConfigSetExpClk</name>
         <value>0x200099f1</value>
         <object_component_ref idref="oc-3d3"/>
      </symbol>
      <symbol id="sm-10ca">
         <name>SPIIntUnregister</name>
         <value>0x2000be7d</value>
         <object_component_ref idref="oc-4a7"/>
      </symbol>
      <symbol id="sm-10cb">
         <name>SPIFIFOLevelSet</name>
         <value>0x2000b8b9</value>
         <object_component_ref idref="oc-3f1"/>
      </symbol>
      <symbol id="sm-10cc">
         <name>SPIDmaDisable</name>
         <value>0x2000be15</value>
         <object_component_ref idref="oc-4b3"/>
      </symbol>
      <symbol id="sm-10cd">
         <name>SPIReset</name>
         <value>0x2000bc2d</value>
         <object_component_ref idref="oc-3cd"/>
      </symbol>
      <symbol id="sm-10ce">
         <name>SPIIntEnable</name>
         <value>0x2000b125</value>
         <object_component_ref idref="oc-3fd"/>
      </symbol>
      <symbol id="sm-10cf">
         <name>SPIIntClear</name>
         <value>0x2000b3cd</value>
         <object_component_ref idref="oc-594"/>
      </symbol>
      <symbol id="sm-10d0">
         <name>SPICSDisable</name>
         <value>0x2000bee3</value>
         <object_component_ref idref="oc-3c1"/>
      </symbol>
      <symbol id="sm-1127">
         <name>uDMAChannelControlSet</name>
         <value>0x2000b7a5</value>
         <object_component_ref idref="oc-71f"/>
      </symbol>
      <symbol id="sm-1128">
         <name>uDMAChannelAttributeEnable</name>
         <value>0x2000ac49</value>
         <object_component_ref idref="oc-725"/>
      </symbol>
      <symbol id="sm-1129">
         <name>uDMAChannelTransferSet</name>
         <value>0x2000902d</value>
         <object_component_ref idref="oc-72b"/>
      </symbol>
      <symbol id="sm-112a">
         <name>uDMAChannelAssign</name>
         <value>0x2000b339</value>
         <object_component_ref idref="oc-577"/>
      </symbol>
      <symbol id="sm-112b">
         <name>uDMAChannelAttributeDisable</name>
         <value>0x2000abe5</value>
         <object_component_ref idref="oc-57d"/>
      </symbol>
      <symbol id="sm-112c">
         <name>uDMAChannelEnable</name>
         <value>0x2000bdc5</value>
         <object_component_ref idref="oc-731"/>
      </symbol>
      <symbol id="sm-112d">
         <name>__TI_static_base__</name>
         <value>0x2000c800</value>
      </symbol>
      <symbol id="sm-1130">
         <name>SHT$$INIT_ARRAY$$Limit</name>
         <value>0x0</value>
      </symbol>
      <symbol id="sm-1131">
         <name>SHT$$INIT_ARRAY$$Base</name>
         <value>0x0</value>
      </symbol>
   </symbol_table>
   <title>Link successful</title>
</link_info>
